Archive member included to satisfy reference by file (symbol)

c:/st/stm32cubeide_1.12.1/stm32cubeide/plugins/com.st.stm32cube.ide.mcu.externaltools.gnu-tools-for-stm32.10.3-2021.10.win32_1.0.200.202301161003/tools/bin/../lib/gcc/arm-none-eabi/10.3.1/../../../../arm-none-eabi/lib/thumb/v7e-m+fp/hard\libc_nano.a(lib_a-errno.o)
                              ./Core/Src/syscalls.o (__errno)
c:/st/stm32cubeide_1.12.1/stm32cubeide/plugins/com.st.stm32cube.ide.mcu.externaltools.gnu-tools-for-stm32.10.3-2021.10.win32_1.0.200.202301161003/tools/bin/../lib/gcc/arm-none-eabi/10.3.1/../../../../arm-none-eabi/lib/thumb/v7e-m+fp/hard\libc_nano.a(lib_a-exit.o)
                              c:/st/stm32cubeide_1.12.1/stm32cubeide/plugins/com.st.stm32cube.ide.mcu.externaltools.gnu-tools-for-stm32.10.3-2021.10.win32_1.0.200.202301161003/tools/bin/../lib/gcc/arm-none-eabi/10.3.1/../../../../arm-none-eabi/lib/thumb/v7e-m+fp/hard/crt0.o (exit)
c:/st/stm32cubeide_1.12.1/stm32cubeide/plugins/com.st.stm32cube.ide.mcu.externaltools.gnu-tools-for-stm32.10.3-2021.10.win32_1.0.200.202301161003/tools/bin/../lib/gcc/arm-none-eabi/10.3.1/../../../../arm-none-eabi/lib/thumb/v7e-m+fp/hard\libc_nano.a(lib_a-impure.o)
                              c:/st/stm32cubeide_1.12.1/stm32cubeide/plugins/com.st.stm32cube.ide.mcu.externaltools.gnu-tools-for-stm32.10.3-2021.10.win32_1.0.200.202301161003/tools/bin/../lib/gcc/arm-none-eabi/10.3.1/../../../../arm-none-eabi/lib/thumb/v7e-m+fp/hard\libc_nano.a(lib_a-exit.o) (_global_impure_ptr)
c:/st/stm32cubeide_1.12.1/stm32cubeide/plugins/com.st.stm32cube.ide.mcu.externaltools.gnu-tools-for-stm32.10.3-2021.10.win32_1.0.200.202301161003/tools/bin/../lib/gcc/arm-none-eabi/10.3.1/../../../../arm-none-eabi/lib/thumb/v7e-m+fp/hard\libc_nano.a(lib_a-init.o)
                              c:/st/stm32cubeide_1.12.1/stm32cubeide/plugins/com.st.stm32cube.ide.mcu.externaltools.gnu-tools-for-stm32.10.3-2021.10.win32_1.0.200.202301161003/tools/bin/../lib/gcc/arm-none-eabi/10.3.1/../../../../arm-none-eabi/lib/thumb/v7e-m+fp/hard/crt0.o (__libc_init_array)
c:/st/stm32cubeide_1.12.1/stm32cubeide/plugins/com.st.stm32cube.ide.mcu.externaltools.gnu-tools-for-stm32.10.3-2021.10.win32_1.0.200.202301161003/tools/bin/../lib/gcc/arm-none-eabi/10.3.1/../../../../arm-none-eabi/lib/thumb/v7e-m+fp/hard\libc_nano.a(lib_a-memset.o)
                              c:/st/stm32cubeide_1.12.1/stm32cubeide/plugins/com.st.stm32cube.ide.mcu.externaltools.gnu-tools-for-stm32.10.3-2021.10.win32_1.0.200.202301161003/tools/bin/../lib/gcc/arm-none-eabi/10.3.1/../../../../arm-none-eabi/lib/thumb/v7e-m+fp/hard/crt0.o (memset)
c:/st/stm32cubeide_1.12.1/stm32cubeide/plugins/com.st.stm32cube.ide.mcu.externaltools.gnu-tools-for-stm32.10.3-2021.10.win32_1.0.200.202301161003/tools/bin/../lib/gcc/arm-none-eabi/10.3.1/thumb/v7e-m+fp/hard\libgcc.a(_aeabi_uldivmod.o)
                              ./Drivers/STM32F4xx_HAL_Driver/Src/stm32f4xx_hal_rcc.o (__aeabi_uldivmod)
c:/st/stm32cubeide_1.12.1/stm32cubeide/plugins/com.st.stm32cube.ide.mcu.externaltools.gnu-tools-for-stm32.10.3-2021.10.win32_1.0.200.202301161003/tools/bin/../lib/gcc/arm-none-eabi/10.3.1/thumb/v7e-m+fp/hard\libgcc.a(_udivmoddi4.o)
                              c:/st/stm32cubeide_1.12.1/stm32cubeide/plugins/com.st.stm32cube.ide.mcu.externaltools.gnu-tools-for-stm32.10.3-2021.10.win32_1.0.200.202301161003/tools/bin/../lib/gcc/arm-none-eabi/10.3.1/thumb/v7e-m+fp/hard\libgcc.a(_aeabi_uldivmod.o) (__udivmoddi4)
c:/st/stm32cubeide_1.12.1/stm32cubeide/plugins/com.st.stm32cube.ide.mcu.externaltools.gnu-tools-for-stm32.10.3-2021.10.win32_1.0.200.202301161003/tools/bin/../lib/gcc/arm-none-eabi/10.3.1/thumb/v7e-m+fp/hard\libgcc.a(_dvmd_tls.o)
                              c:/st/stm32cubeide_1.12.1/stm32cubeide/plugins/com.st.stm32cube.ide.mcu.externaltools.gnu-tools-for-stm32.10.3-2021.10.win32_1.0.200.202301161003/tools/bin/../lib/gcc/arm-none-eabi/10.3.1/thumb/v7e-m+fp/hard\libgcc.a(_aeabi_uldivmod.o) (__aeabi_ldiv0)

Discarded input sections

 .text          0x0000000000000000        0x0 c:/st/stm32cubeide_1.12.1/stm32cubeide/plugins/com.st.stm32cube.ide.mcu.externaltools.gnu-tools-for-stm32.10.3-2021.10.win32_1.0.200.202301161003/tools/bin/../lib/gcc/arm-none-eabi/10.3.1/thumb/v7e-m+fp/hard/crti.o
 .data          0x0000000000000000        0x0 c:/st/stm32cubeide_1.12.1/stm32cubeide/plugins/com.st.stm32cube.ide.mcu.externaltools.gnu-tools-for-stm32.10.3-2021.10.win32_1.0.200.202301161003/tools/bin/../lib/gcc/arm-none-eabi/10.3.1/thumb/v7e-m+fp/hard/crti.o
 .bss           0x0000000000000000        0x0 c:/st/stm32cubeide_1.12.1/stm32cubeide/plugins/com.st.stm32cube.ide.mcu.externaltools.gnu-tools-for-stm32.10.3-2021.10.win32_1.0.200.202301161003/tools/bin/../lib/gcc/arm-none-eabi/10.3.1/thumb/v7e-m+fp/hard/crti.o
[...]
Memory Configuration

Name             Origin             Length             Attributes
CCMRAM           0x0000000010000000 0x0000000000010000 xrw
RAM              0x0000000020000000 0x0000000000030000 xrw
FLASH            0x0000000008000000 0x0000000000200000 xr
*default*        0x0000000000000000 0xffffffffffffffff

Linker script and memory map

LOAD c:/st/stm32cubeide_1.12.1/stm32cubeide/plugins/com.st.stm32cube.ide.mcu.externaltools.gnu-tools-for-stm32.10.3-2021.10.win32_1.0.200.202301161003/tools/bin/../lib/gcc/arm-none-eabi/10.3.1/thumb/v7e-m+fp/hard/crti.o
LOAD c:/st/stm32cubeide_1.12.1/stm32cubeide/plugins/com.st.stm32cube.ide.mcu.externaltools.gnu-tools-for-stm32.10.3-2021.10.win32_1.0.200.202301161003/tools/bin/../lib/gcc/arm-none-eabi/10.3.1/thumb/v7e-m+fp/hard/crtbegin.o
LOAD c:/st/stm32cubeide_1.12.1/stm32cubeide/plugins/com.st.stm32cube.ide.mcu.externaltools.gnu-tools-for-stm32.10.3-2021.10.win32_1.0.200.202301161003/tools/bin/../lib/gcc/arm-none-eabi/10.3.1/../../../../arm-none-eabi/lib/thumb/v7e-m+fp/hard/crt0.o
LOAD ./Core/Src/main.o
LOAD ./Core/Src/stm32f4xx_hal_msp.o
LOAD ./Core/Src/stm32f4xx_it.o
LOAD ./Core/Src/syscalls.o
LOAD ./Core/Src/sysmem.o
LOAD ./Core/Src/system_stm32f4xx.o
LOAD ./Core/Startup/startup_stm32f429zitx.o
LOAD ./Drivers/STM32F4xx_HAL_Driver/Src/stm32f4xx_hal.o
LOAD ./Drivers/STM32F4xx_HAL_Driver/Src/stm32f4xx_hal_cortex.o
LOAD ./Drivers/STM32F4xx_HAL_Driver/Src/stm32f4xx_hal_dma.o
LOAD ./Drivers/STM32F4xx_HAL_Driver/Src/stm32f4xx_hal_dma_ex.o
LOAD ./Drivers/STM32F4xx_HAL_Driver/Src/stm32f4xx_hal_exti.o
LOAD ./Drivers/STM32F4xx_HAL_Driver/Src/stm32f4xx_hal_flash.o
LOAD ./Drivers/STM32F4xx_HAL_Driver/Src/stm32f4xx_hal_flash_ex.o
LOAD ./Drivers/STM32F4xx_HAL_Driver/Src/stm32f4xx_hal_flash_ramfunc.o
LOAD ./Drivers/STM32F4xx_HAL_Driver/Src/stm32f4xx_hal_gpio.o
LOAD ./Drivers/STM32F4xx_HAL_Driver/Src/stm32f4xx_hal_pcd.o
LOAD ./Drivers/STM32F4xx_HAL_Driver/Src/stm32f4xx_hal_pcd_ex.o
LOAD ./Drivers/STM32F4xx_HAL_Driver/Src/stm32f4xx_hal_pwr.o
LOAD ./Drivers/STM32F4xx_HAL_Driver/Src/stm32f4xx_hal_pwr_ex.o
LOAD ./Drivers/STM32F4xx_HAL_Driver/Src/stm32f4xx_hal_rcc.o
LOAD ./Drivers/STM32F4xx_HAL_Driver/Src/stm32f4xx_hal_rcc_ex.o
LOAD ./Drivers/STM32F4xx_HAL_Driver/Src/stm32f4xx_hal_tim.o
LOAD ./Drivers/STM32F4xx_HAL_Driver/Src/stm32f4xx_hal_tim_ex.o
LOAD ./Drivers/STM32F4xx_HAL_Driver/Src/stm32f4xx_hal_uart.o
LOAD ./Drivers/STM32F4xx_HAL_Driver/Src/stm32f4xx_ll_usb.o
LOAD ./Middlewares/ST/STM32_USB_Device_Library/Class/CDC/Src/usbd_cdc.o
LOAD ./Middlewares/ST/STM32_USB_Device_Library/Core/Src/usbd_core.o
LOAD ./Middlewares/ST/STM32_USB_Device_Library/Core/Src/usbd_ctlreq.o
LOAD ./Middlewares/ST/STM32_USB_Device_Library/Core/Src/usbd_ioreq.o
LOAD ./USB_DEVICE/App/usb_device.o
LOAD ./USB_DEVICE/App/usbd_cdc_if.o
LOAD ./USB_DEVICE/App/usbd_desc.o
LOAD ./USB_DEVICE/Target/usbd_conf.o
START GROUP
LOAD c:/st/stm32cubeide_1.12.1/stm32cubeide/plugins/com.st.stm32cube.ide.mcu.externaltools.gnu-tools-for-stm32.10.3-2021.10.win32_1.0.200.202301161003/tools/bin/../lib/gcc/arm-none-eabi/10.3.1/../../../../arm-none-eabi/lib/thumb/v7e-m+fp/hard\libc_nano.a
LOAD c:/st/stm32cubeide_1.12.1/stm32cubeide/plugins/com.st.stm32cube.ide.mcu.externaltools.gnu-tools-for-stm32.10.3-2021.10.win32_1.0.200.202301161003/tools/bin/../lib/gcc/arm-none-eabi/10.3.1/../../../../arm-none-eabi/lib/thumb/v7e-m+fp/hard\libm.a
END GROUP
START GROUP
LOAD c:/st/stm32cubeide_1.12.1/stm32cubeide/plugins/com.st.stm32cube.ide.mcu.externaltools.gnu-tools-for-stm32.10.3-2021.10.win32_1.0.200.202301161003/tools/bin/../lib/gcc/arm-none-eabi/10.3.1/thumb/v7e-m+fp/hard\libgcc.a
LOAD c:/st/stm32cubeide_1.12.1/stm32cubeide/plugins/com.st.stm32cube.ide.mcu.externaltools.gnu-tools-for-stm32.10.3-2021.10.win32_1.0.200.202301161003/tools/bin/../lib/gcc/arm-none-eabi/10.3.1/../../../../arm-none-eabi/lib/thumb/v7e-m+fp/hard\libc_nano.a
END GROUP
START GROUP
LOAD c:/st/stm32cubeide_1.12.1/stm32cubeide/plugins/com.st.stm32cube.ide.mcu.externaltools.gnu-tools-for-stm32.10.3-2021.10.win32_1.0.200.202301161003/tools/bin/../lib/gcc/arm-none-eabi/10.3.1/thumb/v7e-m+fp/hard\libgcc.a
LOAD c:/st/stm32cubeide_1.12.1/stm32cubeide/plugins/com.st.stm32cube.ide.mcu.externaltools.gnu-tools-for-stm32.10.3-2021.10.win32_1.0.200.202301161003/tools/bin/../lib/gcc/arm-none-eabi/10.3.1/../../../../arm-none-eabi/lib/thumb/v7e-m+fp/hard\libc_nano.a
LOAD c:/st/stm32cubeide_1.12.1/stm32cubeide/plugins/com.st.stm32cube.ide.mcu.externaltools.gnu-tools-for-stm32.10.3-2021.10.win32_1.0.200.202301161003/tools/bin/../lib/gcc/arm-none-eabi/10.3.1/../../../../arm-none-eabi/lib/thumb/v7e-m+fp/hard\libnosys.a
END GROUP
START GROUP
LOAD c:/st/stm32cubeide_1.12.1/stm32cubeide/plugins/com.st.stm32cube.ide.mcu.externaltools.gnu-tools-for-stm32.10.3-2021.10.win32_1.0.200.202301161003/tools/bin/../lib/gcc/arm-none-eabi/10.3.1/thumb/v7e-m+fp/hard\libgcc.a
LOAD c:/st/stm32cubeide_1.12.1/stm32cubeide/plugins/com.st.stm32cube.ide.mcu.externaltools.gnu-tools-for-stm32.10.3-2021.10.win32_1.0.200.202301161003/tools/bin/../lib/gcc/arm-none-eabi/10.3.1/../../../../arm-none-eabi/lib/thumb/v7e-m+fp/hard\libc_nano.a
LOAD c:/st/stm32cubeide_1.12.1/stm32cubeide/plugins/com.st.stm32cube.ide.mcu.externaltools.gnu-tools-for-stm32.10.3-2021.10.win32_1.0.200.202301161003/tools/bin/../lib/gcc/arm-none-eabi/10.3.1/../../../../arm-none-eabi/lib/thumb/v7e-m+fp/hard\libnosys.a
END GROUP
LOAD c:/st/stm32cubeide_1.12.1/stm32cubeide/plugins/com.st.stm32cube.ide.mcu.externaltools.gnu-tools-for-stm32.10.3-2021.10.win32_1.0.200.202301161003/tools/bin/../lib/gcc/arm-none-eabi/10.3.1/thumb/v7e-m+fp/hard/crtend.o
LOAD c:/st/stm32cubeide_1.12.1/stm32cubeide/plugins/com.st.stm32cube.ide.mcu.externaltools.gnu-tools-for-stm32.10.3-2021.10.win32_1.0.200.202301161003/tools/bin/../lib/gcc/arm-none-eabi/10.3.1/thumb/v7e-m+fp/hard/crtn.o
                0x0000000020030000                _estack = (ORIGIN (RAM) + LENGTH (RAM))
                0x0000000000000200                _Min_Heap_Size = 0x200
                0x0000000000000400                _Min_Stack_Size = 0x400

.isr_vector     0x0000000008000000      0x1ac
                0x0000000008000000                . = ALIGN (0x4)
 *(.isr_vector)
 .isr_vector    0x0000000008000000      0x1ac ./Core/Startup/startup_stm32f429zitx.o
                0x0000000008000000                g_pfnVectors
                0x00000000080001ac                . = ALIGN (0x4)

.text           0x00000000080001ac     0x7604
                0x00000000080001ac                . = ALIGN (0x4)
 *(.text)
 .text          0x00000000080001ac       0x40 c:/st/stm32cubeide_1.12.1/stm32cubeide/plugins/com.st.stm32cube.ide.mcu.externaltools.gnu-tools-for-stm32.10.3-2021.10.win32_1.0.200.202301161003/tools/bin/../lib/gcc/arm-none-eabi/10.3.1/thumb/v7e-m+fp/hard/crtbegin.o
 .text          0x00000000080001ec       0x30 c:/st/stm32cubeide_1.12.1/stm32cubeide/plugins/com.st.stm32cube.ide.mcu.externaltools.gnu-tools-for-stm32.10.3-2021.10.win32_1.0.200.202301161003/tools/bin/../lib/gcc/arm-none-eabi/10.3.1/thumb/v7e-m+fp/hard\libgcc.a(_aeabi_uldivmod.o)
                0x00000000080001ec                __aeabi_uldivmod
 .text          0x000000000800021c      0x2d0 c:/st/stm32cubeide_1.12.1/stm32cubeide/plugins/com.st.stm32cube.ide.mcu.externaltools.gnu-tools-for-stm32.10.3-2021.10.win32_1.0.200.202301161003/tools/bin/../lib/gcc/arm-none-eabi/10.3.1/thumb/v7e-m+fp/hard\libgcc.a(_udivmoddi4.o)
                0x000000000800021c                __udivmoddi4
 .text          0x00000000080004ec        0x4 c:/st/stm32cubeide_1.12.1/stm32cubeide/plugins/com.st.stm32cube.ide.mcu.externaltools.gnu-tools-for-stm32.10.3-2021.10.win32_1.0.200.202301161003/tools/bin/../lib/gcc/arm-none-eabi/10.3.1/thumb/v7e-m+fp/hard\libgcc.a(_dvmd_tls.o)
                0x00000000080004ec                __aeabi_idiv0
                0x00000000080004ec                __aeabi_ldiv0
 *(.text*)
 .text.HAL_GPIO_EXTI_Callback
                0x00000000080004f0       0xc8 ./Core/Src/main.o
                0x00000000080004f0                HAL_GPIO_EXTI_Callback
 .text.main     0x00000000080005b8       0x78 ./Core/Src/main.o
                0x00000000080005b8                main
 .text.SystemClock_Config
                0x0000000008000630       0xd4 ./Core/Src/main.o
                0x0000000008000630                SystemClock_Config
 .text.MX_USART1_UART_Init
                0x0000000008000704       0x54 ./Core/Src/main.o
 .text.MX_GPIO_Init
                0x0000000008000758       0xf0 ./Core/Src/main.o
 .text.Error_Handler
                0x0000000008000848        0xa ./Core/Src/main.o
                0x0000000008000848                Error_Handler
 *fill*         0x0000000008000852        0x2 
 .text.HAL_MspInit
                0x0000000008000854       0x50 ./Core/Src/stm32f4xx_hal_msp.o
                0x0000000008000854                HAL_MspInit
 .text.HAL_UART_MspInit
                0x00000000080008a4       0x90 ./Core/Src/stm32f4xx_hal_msp.o
                0x00000000080008a4                HAL_UART_MspInit
 .text.NMI_Handler
                0x0000000008000934        0x6 ./Core/Src/stm32f4xx_it.o
                0x0000000008000934                NMI_Handler
 .text.HardFault_Handler
                0x000000000800093a        0x6 ./Core/Src/stm32f4xx_it.o
                0x000000000800093a                HardFault_Handler
 .text.MemManage_Handler
                0x0000000008000940        0x6 ./Core/Src/stm32f4xx_it.o
                0x0000000008000940                MemManage_Handler
 .text.BusFault_Handler
                0x0000000008000946        0x6 ./Core/Src/stm32f4xx_it.o
                0x0000000008000946                BusFault_Handler
 .text.UsageFault_Handler
                0x000000000800094c        0x6 ./Core/Src/stm32f4xx_it.o
                0x000000000800094c                UsageFault_Handler
 .text.SVC_Handler
                0x0000000008000952        0xe ./Core/Src/stm32f4xx_it.o
                0x0000000008000952                SVC_Handler
 .text.DebugMon_Handler
                0x0000000008000960        0xe ./Core/Src/stm32f4xx_it.o
                0x0000000008000960                DebugMon_Handler
 .text.PendSV_Handler
                0x000000000800096e        0xe ./Core/Src/stm32f4xx_it.o
                0x000000000800096e                PendSV_Handler
 .text.SysTick_Handler
                0x000000000800097c        0xc ./Core/Src/stm32f4xx_it.o
                0x000000000800097c                SysTick_Handler
 .text.EXTI15_10_IRQHandler
                0x0000000008000988       0x10 ./Core/Src/stm32f4xx_it.o
                0x0000000008000988                EXTI15_10_IRQHandler
 .text.OTG_FS_IRQHandler
                0x0000000008000998       0x14 ./Core/Src/stm32f4xx_it.o
                0x0000000008000998                OTG_FS_IRQHandler
 .text.SystemInit
                0x00000000080009ac       0x24 ./Core/Src/system_stm32f4xx.o
                0x00000000080009ac                SystemInit
 .text.Reset_Handler
                0x00000000080009d0       0x50 ./Core/Startup/startup_stm32f429zitx.o
                0x00000000080009d0                Reset_Handler
 .text.Default_Handler
                0x0000000008000a20        0x2 ./Core/Startup/startup_stm32f429zitx.o
                0x0000000008000a20                RTC_Alarm_IRQHandler
                0x0000000008000a20                HASH_RNG_IRQHandler
                0x0000000008000a20                EXTI2_IRQHandler
                0x0000000008000a20                TIM8_CC_IRQHandler
                0x0000000008000a20                UART8_IRQHandler
                0x0000000008000a20                SPI4_IRQHandler
                0x0000000008000a20                TIM1_CC_IRQHandler
                0x0000000008000a20                DMA2_Stream5_IRQHandler
                0x0000000008000a20                DMA1_Stream5_IRQHandler
                0x0000000008000a20                PVD_IRQHandler
                0x0000000008000a20                SDIO_IRQHandler
                0x0000000008000a20                TAMP_STAMP_IRQHandler
                0x0000000008000a20                CAN2_RX1_IRQHandler
                0x0000000008000a20                EXTI3_IRQHandler
                0x0000000008000a20                TIM8_TRG_COM_TIM14_IRQHandler
                0x0000000008000a20                TIM1_UP_TIM10_IRQHandler
                0x0000000008000a20                TIM8_UP_TIM13_IRQHandler
                0x0000000008000a20                I2C3_ER_IRQHandler
                0x0000000008000a20                EXTI0_IRQHandler
                0x0000000008000a20                I2C2_EV_IRQHandler
                0x0000000008000a20                DMA1_Stream2_IRQHandler
                0x0000000008000a20                CAN1_RX0_IRQHandler
                0x0000000008000a20                FPU_IRQHandler
                0x0000000008000a20                OTG_HS_WKUP_IRQHandler
                0x0000000008000a20                LTDC_ER_IRQHandler
                0x0000000008000a20                CAN2_SCE_IRQHandler
                0x0000000008000a20                DMA2_Stream2_IRQHandler
                0x0000000008000a20                SPI1_IRQHandler
                0x0000000008000a20                TIM6_DAC_IRQHandler
                0x0000000008000a20                TIM1_BRK_TIM9_IRQHandler
                0x0000000008000a20                DCMI_IRQHandler
                0x0000000008000a20                CAN2_RX0_IRQHandler
                0x0000000008000a20                DMA2_Stream3_IRQHandler
                0x0000000008000a20                USART6_IRQHandler
                0x0000000008000a20                USART3_IRQHandler
                0x0000000008000a20                CAN1_RX1_IRQHandler
                0x0000000008000a20                UART5_IRQHandler
                0x0000000008000a20                DMA2_Stream0_IRQHandler
                0x0000000008000a20                TIM4_IRQHandler
                0x0000000008000a20                I2C1_EV_IRQHandler
                0x0000000008000a20                DMA1_Stream6_IRQHandler
                0x0000000008000a20                DMA1_Stream1_IRQHandler
                0x0000000008000a20                UART4_IRQHandler
                0x0000000008000a20                TIM3_IRQHandler
                0x0000000008000a20                RCC_IRQHandler
                0x0000000008000a20                TIM8_BRK_TIM12_IRQHandler
                0x0000000008000a20                Default_Handler
                0x0000000008000a20                ADC_IRQHandler
                0x0000000008000a20                DMA1_Stream7_IRQHandler
                0x0000000008000a20                SPI5_IRQHandler
                0x0000000008000a20                TIM7_IRQHandler
                0x0000000008000a20                CAN2_TX_IRQHandler
                0x0000000008000a20                TIM5_IRQHandler
                0x0000000008000a20                DMA2_Stream7_IRQHandler
                0x0000000008000a20                I2C3_EV_IRQHandler
                0x0000000008000a20                EXTI9_5_IRQHandler
                0x0000000008000a20                RTC_WKUP_IRQHandler
                0x0000000008000a20                LTDC_IRQHandler
                0x0000000008000a20                ETH_WKUP_IRQHandler
                0x0000000008000a20                SPI2_IRQHandler
                0x0000000008000a20                OTG_HS_EP1_IN_IRQHandler
                0x0000000008000a20                DMA1_Stream0_IRQHandler
                0x0000000008000a20                CAN1_TX_IRQHandler
                0x0000000008000a20                EXTI4_IRQHandler
                0x0000000008000a20                ETH_IRQHandler
                0x0000000008000a20                OTG_HS_EP1_OUT_IRQHandler
                0x0000000008000a20                WWDG_IRQHandler
                0x0000000008000a20                SPI6_IRQHandler
                0x0000000008000a20                TIM2_IRQHandler
                0x0000000008000a20                OTG_FS_WKUP_IRQHandler
                0x0000000008000a20                TIM1_TRG_COM_TIM11_IRQHandler
                0x0000000008000a20                OTG_HS_IRQHandler
                0x0000000008000a20                DMA2D_IRQHandler
                0x0000000008000a20                EXTI1_IRQHandler
                0x0000000008000a20                UART7_IRQHandler
                0x0000000008000a20                USART2_IRQHandler
                0x0000000008000a20                I2C2_ER_IRQHandler
                0x0000000008000a20                DMA2_Stream1_IRQHandler
                0x0000000008000a20                CAN1_SCE_IRQHandler
                0x0000000008000a20                FLASH_IRQHandler
                0x0000000008000a20                DMA2_Stream4_IRQHandler
                0x0000000008000a20                USART1_IRQHandler
                0x0000000008000a20                SPI3_IRQHandler
                0x0000000008000a20                DMA1_Stream4_IRQHandler
                0x0000000008000a20                I2C1_ER_IRQHandler
                0x0000000008000a20                FMC_IRQHandler
                0x0000000008000a20                DMA2_Stream6_IRQHandler
                0x0000000008000a20                SAI1_IRQHandler
                0x0000000008000a20                DMA1_Stream3_IRQHandler
 *fill*         0x0000000008000a22        0x2 
 .text.HAL_Init
                0x0000000008000a24       0x44 ./Drivers/STM32F4xx_HAL_Driver/Src/stm32f4xx_hal.o
                0x0000000008000a24                HAL_Init
 .text.HAL_InitTick
                0x0000000008000a68       0x60 ./Drivers/STM32F4xx_HAL_Driver/Src/stm32f4xx_hal.o
                0x0000000008000a68                HAL_InitTick
 .text.HAL_IncTick
                0x0000000008000ac8       0x28 ./Drivers/STM32F4xx_HAL_Driver/Src/stm32f4xx_hal.o
                0x0000000008000ac8                HAL_IncTick
 .text.HAL_GetTick
                0x0000000008000af0       0x18 ./Drivers/STM32F4xx_HAL_Driver/Src/stm32f4xx_hal.o
                0x0000000008000af0                HAL_GetTick
 .text.HAL_Delay
                0x0000000008000b08       0x48 ./Drivers/STM32F4xx_HAL_Driver/Src/stm32f4xx_hal.o
                0x0000000008000b08                HAL_Delay
 .text.__NVIC_SetPriorityGrouping
                0x0000000008000b50       0x48 ./Drivers/STM32F4xx_HAL_Driver/Src/stm32f4xx_hal_cortex.o
 .text.__NVIC_GetPriorityGrouping
                0x0000000008000b98       0x1c ./Drivers/STM32F4xx_HAL_Driver/Src/stm32f4xx_hal_cortex.o
 .text.__NVIC_EnableIRQ
                0x0000000008000bb4       0x3c ./Drivers/STM32F4xx_HAL_Driver/Src/stm32f4xx_hal_cortex.o
 .text.__NVIC_SetPriority
                0x0000000008000bf0       0x54 ./Drivers/STM32F4xx_HAL_Driver/Src/stm32f4xx_hal_cortex.o
 .text.NVIC_EncodePriority
                0x0000000008000c44       0x66 ./Drivers/STM32F4xx_HAL_Driver/Src/stm32f4xx_hal_cortex.o
 *fill*         0x0000000008000caa        0x2 
 .text.SysTick_Config
                0x0000000008000cac       0x44 ./Drivers/STM32F4xx_HAL_Driver/Src/stm32f4xx_hal_cortex.o
 .text.HAL_NVIC_SetPriorityGrouping
                0x0000000008000cf0       0x16 ./Drivers/STM32F4xx_HAL_Driver/Src/stm32f4xx_hal_cortex.o
                0x0000000008000cf0                HAL_NVIC_SetPriorityGrouping
 .text.HAL_NVIC_SetPriority
                0x0000000008000d06       0x38 ./Drivers/STM32F4xx_HAL_Driver/Src/stm32f4xx_hal_cortex.o
                0x0000000008000d06                HAL_NVIC_SetPriority
 .text.HAL_NVIC_EnableIRQ
                0x0000000008000d3e       0x1c ./Drivers/STM32F4xx_HAL_Driver/Src/stm32f4xx_hal_cortex.o
                0x0000000008000d3e                HAL_NVIC_EnableIRQ
 .text.HAL_SYSTICK_Config
                0x0000000008000d5a       0x18 ./Drivers/STM32F4xx_HAL_Driver/Src/stm32f4xx_hal_cortex.o
                0x0000000008000d5a                HAL_SYSTICK_Config
 *fill*         0x0000000008000d72        0x2 
 .text.HAL_GPIO_Init
                0x0000000008000d74      0x358 ./Drivers/STM32F4xx_HAL_Driver/Src/stm32f4xx_hal_gpio.o
                0x0000000008000d74                HAL_GPIO_Init
 .text.HAL_GPIO_WritePin
                0x00000000080010cc       0x32 ./Drivers/STM32F4xx_HAL_Driver/Src/stm32f4xx_hal_gpio.o
                0x00000000080010cc                HAL_GPIO_WritePin
 *fill*         0x00000000080010fe        0x2 
 .text.HAL_GPIO_EXTI_IRQHandler
                0x0000000008001100       0x30 ./Drivers/STM32F4xx_HAL_Driver/Src/stm32f4xx_hal_gpio.o
                0x0000000008001100                HAL_GPIO_EXTI_IRQHandler
 .text.HAL_PCD_Init
                0x0000000008001130      0x23a ./Drivers/STM32F4xx_HAL_Driver/Src/stm32f4xx_hal_pcd.o
                0x0000000008001130                HAL_PCD_Init
 .text.HAL_PCD_Start
                0x000000000800136a       0x66 ./Drivers/STM32F4xx_HAL_Driver/Src/stm32f4xx_hal_pcd.o
                0x000000000800136a                HAL_PCD_Start
 .text.HAL_PCD_IRQHandler
                0x00000000080013d0      0x93e ./Drivers/STM32F4xx_HAL_Driver/Src/stm32f4xx_hal_pcd.o
                0x00000000080013d0                HAL_PCD_IRQHandler
 .text.HAL_PCD_SetAddress
                0x0000000008001d0e       0x4a ./Drivers/STM32F4xx_HAL_Driver/Src/stm32f4xx_hal_pcd.o
                0x0000000008001d0e                HAL_PCD_SetAddress
 .text.HAL_PCD_EP_Open
                0x0000000008001d58       0xd0 ./Drivers/STM32F4xx_HAL_Driver/Src/stm32f4xx_hal_pcd.o
                0x0000000008001d58                HAL_PCD_EP_Open
 .text.HAL_PCD_EP_Close
                0x0000000008001e28       0x94 ./Drivers/STM32F4xx_HAL_Driver/Src/stm32f4xx_hal_pcd.o
                0x0000000008001e28                HAL_PCD_EP_Close
 .text.HAL_PCD_EP_Receive
                0x0000000008001ebc       0x96 ./Drivers/STM32F4xx_HAL_Driver/Src/stm32f4xx_hal_pcd.o
                0x0000000008001ebc                HAL_PCD_EP_Receive
 .text.HAL_PCD_EP_GetRxCount
                0x0000000008001f52       0x30 ./Drivers/STM32F4xx_HAL_Driver/Src/stm32f4xx_hal_pcd.o
                0x0000000008001f52                HAL_PCD_EP_GetRxCount
 .text.HAL_PCD_EP_Transmit
                0x0000000008001f82       0x94 ./Drivers/STM32F4xx_HAL_Driver/Src/stm32f4xx_hal_pcd.o
                0x0000000008001f82                HAL_PCD_EP_Transmit
 .text.HAL_PCD_EP_SetStall
                0x0000000008002016       0xc8 ./Drivers/STM32F4xx_HAL_Driver/Src/stm32f4xx_hal_pcd.o
                0x0000000008002016                HAL_PCD_EP_SetStall
 .text.HAL_PCD_EP_ClrStall
                0x00000000080020de       0xac ./Drivers/STM32F4xx_HAL_Driver/Src/stm32f4xx_hal_pcd.o
                0x00000000080020de                HAL_PCD_EP_ClrStall
 .text.HAL_PCD_EP_Abort
                0x000000000800218a       0x62 ./Drivers/STM32F4xx_HAL_Driver/Src/stm32f4xx_hal_pcd.o
                0x000000000800218a                HAL_PCD_EP_Abort
 .text.PCD_WriteEmptyTxFifo
                0x00000000080021ec      0x11a ./Drivers/STM32F4xx_HAL_Driver/Src/stm32f4xx_hal_pcd.o
 *fill*         0x0000000008002306        0x2 
 .text.PCD_EP_OutXfrComplete_int
                0x0000000008002308      0x1d0 ./Drivers/STM32F4xx_HAL_Driver/Src/stm32f4xx_hal_pcd.o
 .text.PCD_EP_OutSetupPacket_int
                0x00000000080024d8       0x8c ./Drivers/STM32F4xx_HAL_Driver/Src/stm32f4xx_hal_pcd.o
 .text.HAL_PCDEx_SetTxFiFo
                0x0000000008002564       0x8e ./Drivers/STM32F4xx_HAL_Driver/Src/stm32f4xx_hal_pcd_ex.o
                0x0000000008002564                HAL_PCDEx_SetTxFiFo
 .text.HAL_PCDEx_SetRxFiFo
                0x00000000080025f2       0x22 ./Drivers/STM32F4xx_HAL_Driver/Src/stm32f4xx_hal_pcd_ex.o
                0x00000000080025f2                HAL_PCDEx_SetRxFiFo
 .text.HAL_PCDEx_LPM_Callback
                0x0000000008002614       0x18 ./Drivers/STM32F4xx_HAL_Driver/Src/stm32f4xx_hal_pcd_ex.o
                0x0000000008002614                HAL_PCDEx_LPM_Callback
 .text.HAL_RCC_OscConfig
                0x000000000800262c      0x4f0 ./Drivers/STM32F4xx_HAL_Driver/Src/stm32f4xx_hal_rcc.o
                0x000000000800262c                HAL_RCC_OscConfig
 .text.HAL_RCC_ClockConfig
                0x0000000008002b1c      0x1cc ./Drivers/STM32F4xx_HAL_Driver/Src/stm32f4xx_hal_rcc.o
                0x0000000008002b1c                HAL_RCC_ClockConfig
 .text.HAL_RCC_GetSysClockFreq
                0x0000000008002ce8      0x20c ./Drivers/STM32F4xx_HAL_Driver/Src/stm32f4xx_hal_rcc.o
                0x0000000008002ce8                HAL_RCC_GetSysClockFreq
 .text.HAL_RCC_GetHCLKFreq
                0x0000000008002ef4       0x18 ./Drivers/STM32F4xx_HAL_Driver/Src/stm32f4xx_hal_rcc.o
                0x0000000008002ef4                HAL_RCC_GetHCLKFreq
 .text.HAL_RCC_GetPCLK1Freq
                0x0000000008002f0c       0x28 ./Drivers/STM32F4xx_HAL_Driver/Src/stm32f4xx_hal_rcc.o
                0x0000000008002f0c                HAL_RCC_GetPCLK1Freq
 .text.HAL_RCC_GetPCLK2Freq
                0x0000000008002f34       0x28 ./Drivers/STM32F4xx_HAL_Driver/Src/stm32f4xx_hal_rcc.o
                0x0000000008002f34                HAL_RCC_GetPCLK2Freq
 .text.HAL_UART_Init
                0x0000000008002f5c       0x9a ./Drivers/STM32F4xx_HAL_Driver/Src/stm32f4xx_hal_uart.o
                0x0000000008002f5c                HAL_UART_Init
 *fill*         0x0000000008002ff6        0x2 
 .text.UART_SetConfig
                0x0000000008002ff8      0x4e8 ./Drivers/STM32F4xx_HAL_Driver/Src/stm32f4xx_hal_uart.o
 .text.USB_CoreInit
                0x00000000080034e0       0xc2 ./Drivers/STM32F4xx_HAL_Driver/Src/stm32f4xx_ll_usb.o
                0x00000000080034e0                USB_CoreInit
 *fill*         0x00000000080035a2        0x2 
 .text.USB_SetTurnaroundTime
                0x00000000080035a4      0x144 ./Drivers/STM32F4xx_HAL_Driver/Src/stm32f4xx_ll_usb.o
                0x00000000080035a4                USB_SetTurnaroundTime
 .text.USB_EnableGlobalInt
                0x00000000080036e8       0x22 ./Drivers/STM32F4xx_HAL_Driver/Src/stm32f4xx_ll_usb.o
                0x00000000080036e8                USB_EnableGlobalInt
 .text.USB_DisableGlobalInt
                0x000000000800370a       0x22 ./Drivers/STM32F4xx_HAL_Driver/Src/stm32f4xx_ll_usb.o
                0x000000000800370a                USB_DisableGlobalInt
 .text.USB_SetCurrentMode
                0x000000000800372c       0x98 ./Drivers/STM32F4xx_HAL_Driver/Src/stm32f4xx_ll_usb.o
                0x000000000800372c                USB_SetCurrentMode
 .text.USB_DevInit
                0x00000000080037c4      0x2c8 ./Drivers/STM32F4xx_HAL_Driver/Src/stm32f4xx_ll_usb.o
                0x00000000080037c4                USB_DevInit
 .text.USB_FlushTxFifo
                0x0000000008003a8c       0x68 ./Drivers/STM32F4xx_HAL_Driver/Src/stm32f4xx_ll_usb.o
                0x0000000008003a8c                USB_FlushTxFifo
 .text.USB_FlushRxFifo
                0x0000000008003af4       0x60 ./Drivers/STM32F4xx_HAL_Driver/Src/stm32f4xx_ll_usb.o
                0x0000000008003af4                USB_FlushRxFifo
 .text.USB_SetDevSpeed
                0x0000000008003b54       0x32 ./Drivers/STM32F4xx_HAL_Driver/Src/stm32f4xx_ll_usb.o
                0x0000000008003b54                USB_SetDevSpeed
 .text.USB_GetDevSpeed
                0x0000000008003b86       0x4a ./Drivers/STM32F4xx_HAL_Driver/Src/stm32f4xx_ll_usb.o
                0x0000000008003b86                USB_GetDevSpeed
 .text.USB_ActivateEndpoint
                0x0000000008003bd0      0x10e ./Drivers/STM32F4xx_HAL_Driver/Src/stm32f4xx_ll_usb.o
                0x0000000008003bd0                USB_ActivateEndpoint
 *fill*         0x0000000008003cde        0x2 
 .text.USB_DeactivateEndpoint
                0x0000000008003ce0      0x1b8 ./Drivers/STM32F4xx_HAL_Driver/Src/stm32f4xx_ll_usb.o
                0x0000000008003ce0                USB_DeactivateEndpoint
 .text.USB_EPStartXfer
                0x0000000008003e98      0x490 ./Drivers/STM32F4xx_HAL_Driver/Src/stm32f4xx_ll_usb.o
                0x0000000008003e98                USB_EPStartXfer
 .text.USB_EP0StartXfer
                0x0000000008004328      0x2b0 ./Drivers/STM32F4xx_HAL_Driver/Src/stm32f4xx_ll_usb.o
                0x0000000008004328                USB_EP0StartXfer
 .text.USB_EPStopXfer
                0x00000000080045d8      0x154 ./Drivers/STM32F4xx_HAL_Driver/Src/stm32f4xx_ll_usb.o
                0x00000000080045d8                USB_EPStopXfer
 .text.USB_WritePacket
                0x000000000800472c       0x7c ./Drivers/STM32F4xx_HAL_Driver/Src/stm32f4xx_ll_usb.o
                0x000000000800472c                USB_WritePacket
 .text.USB_ReadPacket
                0x00000000080047a8       0xb0 ./Drivers/STM32F4xx_HAL_Driver/Src/stm32f4xx_ll_usb.o
                0x00000000080047a8                USB_ReadPacket
 .text.USB_EPSetStall
                0x0000000008004858       0xdc ./Drivers/STM32F4xx_HAL_Driver/Src/stm32f4xx_ll_usb.o
                0x0000000008004858                USB_EPSetStall
 .text.USB_EPClearStall
                0x0000000008004934       0xcc ./Drivers/STM32F4xx_HAL_Driver/Src/stm32f4xx_ll_usb.o
                0x0000000008004934                USB_EPClearStall
 .text.USB_SetDevAddress
                0x0000000008004a00       0x4c ./Drivers/STM32F4xx_HAL_Driver/Src/stm32f4xx_ll_usb.o
                0x0000000008004a00                USB_SetDevAddress
 .text.USB_DevConnect
                0x0000000008004a4c       0x42 ./Drivers/STM32F4xx_HAL_Driver/Src/stm32f4xx_ll_usb.o
                0x0000000008004a4c                USB_DevConnect
 .text.USB_DevDisconnect
                0x0000000008004a8e       0x42 ./Drivers/STM32F4xx_HAL_Driver/Src/stm32f4xx_ll_usb.o
                0x0000000008004a8e                USB_DevDisconnect
 .text.USB_ReadInterrupts
                0x0000000008004ad0       0x26 ./Drivers/STM32F4xx_HAL_Driver/Src/stm32f4xx_ll_usb.o
                0x0000000008004ad0                USB_ReadInterrupts
 .text.USB_ReadDevAllOutEpInterrupt
                0x0000000008004af6       0x34 ./Drivers/STM32F4xx_HAL_Driver/Src/stm32f4xx_ll_usb.o
                0x0000000008004af6                USB_ReadDevAllOutEpInterrupt
 .text.USB_ReadDevAllInEpInterrupt
                0x0000000008004b2a       0x34 ./Drivers/STM32F4xx_HAL_Driver/Src/stm32f4xx_ll_usb.o
                0x0000000008004b2a                USB_ReadDevAllInEpInterrupt
 .text.USB_ReadDevOutEPInterrupt
                0x0000000008004b5e       0x3c ./Drivers/STM32F4xx_HAL_Driver/Src/stm32f4xx_ll_usb.o
                0x0000000008004b5e                USB_ReadDevOutEPInterrupt
 .text.USB_ReadDevInEPInterrupt
                0x0000000008004b9a       0x5c ./Drivers/STM32F4xx_HAL_Driver/Src/stm32f4xx_ll_usb.o
                0x0000000008004b9a                USB_ReadDevInEPInterrupt
 .text.USB_GetMode
                0x0000000008004bf6       0x1c ./Drivers/STM32F4xx_HAL_Driver/Src/stm32f4xx_ll_usb.o
                0x0000000008004bf6                USB_GetMode
 .text.USB_ActivateSetup
                0x0000000008004c12       0x46 ./Drivers/STM32F4xx_HAL_Driver/Src/stm32f4xx_ll_usb.o
                0x0000000008004c12                USB_ActivateSetup
 .text.USB_EP0_OutStart
                0x0000000008004c58       0xbc ./Drivers/STM32F4xx_HAL_Driver/Src/stm32f4xx_ll_usb.o
                0x0000000008004c58                USB_EP0_OutStart
 .text.USB_CoreReset
                0x0000000008004d14       0x68 ./Drivers/STM32F4xx_HAL_Driver/Src/stm32f4xx_ll_usb.o
 .text.USBD_CDC_Init
                0x0000000008004d7c      0x1f0 ./Middlewares/ST/STM32_USB_Device_Library/Class/CDC/Src/usbd_cdc.o
 .text.USBD_CDC_DeInit
                0x0000000008004f6c      0x104 ./Middlewares/ST/STM32_USB_Device_Library/Class/CDC/Src/usbd_cdc.o
 .text.USBD_CDC_Setup
                0x0000000008005070      0x1b8 ./Middlewares/ST/STM32_USB_Device_Library/Class/CDC/Src/usbd_cdc.o
 .text.USBD_CDC_DataIn
                0x0000000008005228       0xfe ./Middlewares/ST/STM32_USB_Device_Library/Class/CDC/Src/usbd_cdc.o
 .text.USBD_CDC_DataOut
                0x0000000008005326       0x70 ./Middlewares/ST/STM32_USB_Device_Library/Class/CDC/Src/usbd_cdc.o
 .text.USBD_CDC_EP0_RxReady
                0x0000000008005396       0x76 ./Middlewares/ST/STM32_USB_Device_Library/Class/CDC/Src/usbd_cdc.o
 .text.USBD_CDC_GetFSCfgDesc
                0x000000000800540c       0x70 ./Middlewares/ST/STM32_USB_Device_Library/Class/CDC/Src/usbd_cdc.o
 .text.USBD_CDC_GetHSCfgDesc
                0x000000000800547c       0x70 ./Middlewares/ST/STM32_USB_Device_Library/Class/CDC/Src/usbd_cdc.o
 .text.USBD_CDC_GetOtherSpeedCfgDesc
                0x00000000080054ec       0x70 ./Middlewares/ST/STM32_USB_Device_Library/Class/CDC/Src/usbd_cdc.o
 .text.USBD_CDC_GetDeviceQualifierDescriptor
                0x000000000800555c       0x20 ./Middlewares/ST/STM32_USB_Device_Library/Class/CDC/Src/usbd_cdc.o
                0x000000000800555c                USBD_CDC_GetDeviceQualifierDescriptor
 .text.USBD_CDC_RegisterInterface
                0x000000000800557c       0x34 ./Middlewares/ST/STM32_USB_Device_Library/Class/CDC/Src/usbd_cdc.o
                0x000000000800557c                USBD_CDC_RegisterInterface
 .text.USBD_CDC_SetTxBuffer
                0x00000000080055b0       0x44 ./Middlewares/ST/STM32_USB_Device_Library/Class/CDC/Src/usbd_cdc.o
                0x00000000080055b0                USBD_CDC_SetTxBuffer
 .text.USBD_CDC_SetRxBuffer
                0x00000000080055f4       0x3a ./Middlewares/ST/STM32_USB_Device_Library/Class/CDC/Src/usbd_cdc.o
                0x00000000080055f4                USBD_CDC_SetRxBuffer
 *fill*         0x000000000800562e        0x2 
 .text.USBD_CDC_TransmitPacket
                0x0000000008005630       0x8c ./Middlewares/ST/STM32_USB_Device_Library/Class/CDC/Src/usbd_cdc.o
                0x0000000008005630                USBD_CDC_TransmitPacket
 .text.USBD_CDC_ReceivePacket
                0x00000000080056bc       0x6c ./Middlewares/ST/STM32_USB_Device_Library/Class/CDC/Src/usbd_cdc.o
                0x00000000080056bc                USBD_CDC_ReceivePacket
 .text.USBD_Init
                0x0000000008005728       0x60 ./Middlewares/ST/STM32_USB_Device_Library/Core/Src/usbd_core.o
                0x0000000008005728                USBD_Init
 .text.USBD_RegisterClass
                0x0000000008005788       0x6c ./Middlewares/ST/STM32_USB_Device_Library/Core/Src/usbd_core.o
                0x0000000008005788                USBD_RegisterClass
 .text.USBD_Start
                0x00000000080057f4       0x18 ./Middlewares/ST/STM32_USB_Device_Library/Core/Src/usbd_core.o
                0x00000000080057f4                USBD_Start
 .text.USBD_RunTestMode
                0x000000000800580c       0x16 ./Middlewares/ST/STM32_USB_Device_Library/Core/Src/usbd_core.o
                0x000000000800580c                USBD_RunTestMode
 .text.USBD_SetClassConfig
                0x0000000008005822       0x38 ./Middlewares/ST/STM32_USB_Device_Library/Core/Src/usbd_core.o
                0x0000000008005822                USBD_SetClassConfig
 .text.USBD_ClrClassConfig
                0x000000000800585a       0x34 ./Middlewares/ST/STM32_USB_Device_Library/Core/Src/usbd_core.o
                0x000000000800585a                USBD_ClrClassConfig
 .text.USBD_LL_SetupStage
                0x000000000800588e       0xaa ./Middlewares/ST/STM32_USB_Device_Library/Core/Src/usbd_core.o
                0x000000000800588e                USBD_LL_SetupStage
 .text.USBD_LL_DataOutStage
                0x0000000008005938      0x166 ./Middlewares/ST/STM32_USB_Device_Library/Core/Src/usbd_core.o
                0x0000000008005938                USBD_LL_DataOutStage
 .text.USBD_LL_DataInStage
                0x0000000008005a9e      0x164 ./Middlewares/ST/STM32_USB_Device_Library/Core/Src/usbd_core.o
                0x0000000008005a9e                USBD_LL_DataInStage
 .text.USBD_LL_Reset
                0x0000000008005c02       0xa4 ./Middlewares/ST/STM32_USB_Device_Library/Core/Src/usbd_core.o
                0x0000000008005c02                USBD_LL_Reset
 .text.USBD_LL_SetSpeed
                0x0000000008005ca6       0x20 ./Middlewares/ST/STM32_USB_Device_Library/Core/Src/usbd_core.o
                0x0000000008005ca6                USBD_LL_SetSpeed
 .text.USBD_LL_Suspend
                0x0000000008005cc6       0x2c ./Middlewares/ST/STM32_USB_Device_Library/Core/Src/usbd_core.o
                0x0000000008005cc6                USBD_LL_Suspend
 .text.USBD_LL_Resume
                0x0000000008005cf2       0x30 ./Middlewares/ST/STM32_USB_Device_Library/Core/Src/usbd_core.o
                0x0000000008005cf2                USBD_LL_Resume
 .text.USBD_LL_SOF
                0x0000000008005d22       0x40 ./Middlewares/ST/STM32_USB_Device_Library/Core/Src/usbd_core.o
                0x0000000008005d22                USBD_LL_SOF
 .text.USBD_LL_IsoINIncomplete
                0x0000000008005d62       0x64 ./Middlewares/ST/STM32_USB_Device_Library/Core/Src/usbd_core.o
                0x0000000008005d62                USBD_LL_IsoINIncomplete
 .text.USBD_LL_IsoOUTIncomplete
                0x0000000008005dc6       0x64 ./Middlewares/ST/STM32_USB_Device_Library/Core/Src/usbd_core.o
                0x0000000008005dc6                USBD_LL_IsoOUTIncomplete
 .text.USBD_LL_DevConnected
                0x0000000008005e2a       0x16 ./Middlewares/ST/STM32_USB_Device_Library/Core/Src/usbd_core.o
                0x0000000008005e2a                USBD_LL_DevConnected
 .text.USBD_LL_DevDisconnected
                0x0000000008005e40       0x46 ./Middlewares/ST/STM32_USB_Device_Library/Core/Src/usbd_core.o
                0x0000000008005e40                USBD_LL_DevDisconnected
 .text.USBD_CoreFindIF
                0x0000000008005e86       0x1a ./Middlewares/ST/STM32_USB_Device_Library/Core/Src/usbd_core.o
                0x0000000008005e86                USBD_CoreFindIF
 .text.USBD_CoreFindEP
                0x0000000008005ea0       0x1a ./Middlewares/ST/STM32_USB_Device_Library/Core/Src/usbd_core.o
                0x0000000008005ea0                USBD_CoreFindEP
 .text.USBD_GetEpDesc
                0x0000000008005eba       0x74 ./Middlewares/ST/STM32_USB_Device_Library/Core/Src/usbd_core.o
                0x0000000008005eba                USBD_GetEpDesc
 .text.USBD_GetNextDesc
                0x0000000008005f2e       0x3a ./Middlewares/ST/STM32_USB_Device_Library/Core/Src/usbd_core.o
                0x0000000008005f2e                USBD_GetNextDesc
 .text.SWAPBYTE
                0x0000000008005f68       0x3c ./Middlewares/ST/STM32_USB_Device_Library/Core/Src/usbd_ctlreq.o
 .text.USBD_StdDevReq
                0x0000000008005fa4       0xe4 ./Middlewares/ST/STM32_USB_Device_Library/Core/Src/usbd_ctlreq.o
                0x0000000008005fa4                USBD_StdDevReq
 .text.USBD_StdItfReq
                0x0000000008006088       0xd8 ./Middlewares/ST/STM32_USB_Device_Library/Core/Src/usbd_ctlreq.o
                0x0000000008006088                USBD_StdItfReq
 .text.USBD_StdEPReq
                0x0000000008006160      0x33a ./Middlewares/ST/STM32_USB_Device_Library/Core/Src/usbd_ctlreq.o
                0x0000000008006160                USBD_StdEPReq
 *fill*         0x000000000800649a        0x2 
 .text.USBD_GetDescriptor
                0x000000000800649c      0x2d4 ./Middlewares/ST/STM32_USB_Device_Library/Core/Src/usbd_ctlreq.o
 .text.USBD_SetAddress
                0x0000000008006770       0x88 ./Middlewares/ST/STM32_USB_Device_Library/Core/Src/usbd_ctlreq.o
 .text.USBD_SetConfig
                0x00000000080067f8      0x154 ./Middlewares/ST/STM32_USB_Device_Library/Core/Src/usbd_ctlreq.o
 .text.USBD_GetConfig
                0x000000000800694c       0x6c ./Middlewares/ST/STM32_USB_Device_Library/Core/Src/usbd_ctlreq.o
 .text.USBD_GetStatus
                0x00000000080069b8       0x68 ./Middlewares/ST/STM32_USB_Device_Library/Core/Src/usbd_ctlreq.o
 .text.USBD_SetFeature
                0x0000000008006a20       0x52 ./Middlewares/ST/STM32_USB_Device_Library/Core/Src/usbd_ctlreq.o
 .text.USBD_ClrFeature
                0x0000000008006a72       0x44 ./Middlewares/ST/STM32_USB_Device_Library/Core/Src/usbd_ctlreq.o
 .text.USBD_ParseSetupRequest
                0x0000000008006ab6       0x74 ./Middlewares/ST/STM32_USB_Device_Library/Core/Src/usbd_ctlreq.o
                0x0000000008006ab6                USBD_ParseSetupRequest
 .text.USBD_CtlError
                0x0000000008006b2a       0x22 ./Middlewares/ST/STM32_USB_Device_Library/Core/Src/usbd_ctlreq.o
                0x0000000008006b2a                USBD_CtlError
 .text.USBD_GetString
                0x0000000008006b4c       0x8c ./Middlewares/ST/STM32_USB_Device_Library/Core/Src/usbd_ctlreq.o
                0x0000000008006b4c                USBD_GetString
 .text.USBD_GetLen
                0x0000000008006bd8       0x34 ./Middlewares/ST/STM32_USB_Device_Library/Core/Src/usbd_ctlreq.o
 .text.USBD_CtlSendData
                0x0000000008006c0c       0x36 ./Middlewares/ST/STM32_USB_Device_Library/Core/Src/usbd_ioreq.o
                0x0000000008006c0c                USBD_CtlSendData
 .text.USBD_CtlContinueSendData
                0x0000000008006c42       0x22 ./Middlewares/ST/STM32_USB_Device_Library/Core/Src/usbd_ioreq.o
                0x0000000008006c42                USBD_CtlContinueSendData
 .text.USBD_CtlPrepareRx
                0x0000000008006c64       0x3a ./Middlewares/ST/STM32_USB_Device_Library/Core/Src/usbd_ioreq.o
                0x0000000008006c64                USBD_CtlPrepareRx
 .text.USBD_CtlContinueRx
                0x0000000008006c9e       0x22 ./Middlewares/ST/STM32_USB_Device_Library/Core/Src/usbd_ioreq.o
                0x0000000008006c9e                USBD_CtlContinueRx
 .text.USBD_CtlSendStatus
                0x0000000008006cc0       0x26 ./Middlewares/ST/STM32_USB_Device_Library/Core/Src/usbd_ioreq.o
                0x0000000008006cc0                USBD_CtlSendStatus
 .text.USBD_CtlReceiveStatus
                0x0000000008006ce6       0x26 ./Middlewares/ST/STM32_USB_Device_Library/Core/Src/usbd_ioreq.o
                0x0000000008006ce6                USBD_CtlReceiveStatus
 .text.MX_USB_DEVICE_Init
                0x0000000008006d0c       0x60 ./USB_DEVICE/App/usb_device.o
                0x0000000008006d0c                MX_USB_DEVICE_Init
 .text.CDC_Init_FS
                0x0000000008006d6c       0x28 ./USB_DEVICE/App/usbd_cdc_if.o
 .text.CDC_DeInit_FS
                0x0000000008006d94       0x10 ./USB_DEVICE/App/usbd_cdc_if.o
 .text.CDC_Control_FS
                0x0000000008006da4       0xbc ./USB_DEVICE/App/usbd_cdc_if.o
 .text.CDC_Receive_FS
                0x0000000008006e60       0x28 ./USB_DEVICE/App/usbd_cdc_if.o
 .text.CDC_Transmit_FS
                0x0000000008006e88       0x4c ./USB_DEVICE/App/usbd_cdc_if.o
                0x0000000008006e88                CDC_Transmit_FS
 .text.CDC_TransmitCplt_FS
                0x0000000008006ed4       0x22 ./USB_DEVICE/App/usbd_cdc_if.o
 *fill*         0x0000000008006ef6        0x2 
 .text.USBD_FS_DeviceDescriptor
                0x0000000008006ef8       0x24 ./USB_DEVICE/App/usbd_desc.o
                0x0000000008006ef8                USBD_FS_DeviceDescriptor
 .text.USBD_FS_LangIDStrDescriptor
                0x0000000008006f1c       0x24 ./USB_DEVICE/App/usbd_desc.o
                0x0000000008006f1c                USBD_FS_LangIDStrDescriptor
 .text.USBD_FS_ProductStrDescriptor
                0x0000000008006f40       0x3c ./USB_DEVICE/App/usbd_desc.o
                0x0000000008006f40                USBD_FS_ProductStrDescriptor
 .text.USBD_FS_ManufacturerStrDescriptor
                0x0000000008006f7c       0x28 ./USB_DEVICE/App/usbd_desc.o
                0x0000000008006f7c                USBD_FS_ManufacturerStrDescriptor
 .text.USBD_FS_SerialStrDescriptor
                0x0000000008006fa4       0x24 ./USB_DEVICE/App/usbd_desc.o
                0x0000000008006fa4                USBD_FS_SerialStrDescriptor
 .text.USBD_FS_ConfigStrDescriptor
                0x0000000008006fc8       0x3c ./USB_DEVICE/App/usbd_desc.o
                0x0000000008006fc8                USBD_FS_ConfigStrDescriptor
 .text.USBD_FS_InterfaceStrDescriptor
                0x0000000008007004       0x3c ./USB_DEVICE/App/usbd_desc.o
                0x0000000008007004                USBD_FS_InterfaceStrDescriptor
 .text.Get_SerialNum
                0x0000000008007040       0x58 ./USB_DEVICE/App/usbd_desc.o
 .text.IntToUnicode
                0x0000000008007098       0x7e ./USB_DEVICE/App/usbd_desc.o
 *fill*         0x0000000008007116        0x2 
 .text.HAL_PCD_MspInit
                0x0000000008007118       0xa8 ./USB_DEVICE/Target/usbd_conf.o
                0x0000000008007118                HAL_PCD_MspInit
 .text.HAL_PCD_SetupStageCallback
                0x00000000080071c0       0x24 ./USB_DEVICE/Target/usbd_conf.o
                0x00000000080071c0                HAL_PCD_SetupStageCallback
 .text.HAL_PCD_DataOutStageCallback
                0x00000000080071e4       0x36 ./USB_DEVICE/Target/usbd_conf.o
                0x00000000080071e4                HAL_PCD_DataOutStageCallback
 .text.HAL_PCD_DataInStageCallback
                0x000000000800721a       0x34 ./USB_DEVICE/Target/usbd_conf.o
                0x000000000800721a                HAL_PCD_DataInStageCallback
 .text.HAL_PCD_SOFCallback
                0x000000000800724e       0x1c ./USB_DEVICE/Target/usbd_conf.o
                0x000000000800724e                HAL_PCD_SOFCallback
 .text.HAL_PCD_ResetCallback
                0x000000000800726a       0x50 ./USB_DEVICE/Target/usbd_conf.o
                0x000000000800726a                HAL_PCD_ResetCallback
 *fill*         0x00000000080072ba        0x2 
 .text.HAL_PCD_SuspendCallback
                0x00000000080072bc       0x4c ./USB_DEVICE/Target/usbd_conf.o
                0x00000000080072bc                HAL_PCD_SuspendCallback
 .text.HAL_PCD_ResumeCallback
                0x0000000008007308       0x1c ./USB_DEVICE/Target/usbd_conf.o
                0x0000000008007308                HAL_PCD_ResumeCallback
 .text.HAL_PCD_ISOOUTIncompleteCallback
                0x0000000008007324       0x24 ./USB_DEVICE/Target/usbd_conf.o
                0x0000000008007324                HAL_PCD_ISOOUTIncompleteCallback
 .text.HAL_PCD_ISOINIncompleteCallback
                0x0000000008007348       0x24 ./USB_DEVICE/Target/usbd_conf.o
                0x0000000008007348                HAL_PCD_ISOINIncompleteCallback
 .text.HAL_PCD_ConnectCallback
                0x000000000800736c       0x1c ./USB_DEVICE/Target/usbd_conf.o
                0x000000000800736c                HAL_PCD_ConnectCallback
 .text.HAL_PCD_DisconnectCallback
                0x0000000008007388       0x1c ./USB_DEVICE/Target/usbd_conf.o
                0x0000000008007388                HAL_PCD_DisconnectCallback
 .text.USBD_LL_Init
                0x00000000080073a4       0x98 ./USB_DEVICE/Target/usbd_conf.o
                0x00000000080073a4                USBD_LL_Init
 .text.USBD_LL_Start
                0x000000000800743c       0x36 ./USB_DEVICE/Target/usbd_conf.o
                0x000000000800743c                USBD_LL_Start
 .text.USBD_LL_OpenEP
                0x0000000008007472       0x4c ./USB_DEVICE/Target/usbd_conf.o
                0x0000000008007472                USBD_LL_OpenEP
 .text.USBD_LL_CloseEP
                0x00000000080074be       0x3e ./USB_DEVICE/Target/usbd_conf.o
                0x00000000080074be                USBD_LL_CloseEP
 .text.USBD_LL_StallEP
                0x00000000080074fc       0x3e ./USB_DEVICE/Target/usbd_conf.o
                0x00000000080074fc                USBD_LL_StallEP
 .text.USBD_LL_ClearStallEP
                0x000000000800753a       0x3e ./USB_DEVICE/Target/usbd_conf.o
                0x000000000800753a                USBD_LL_ClearStallEP
 .text.USBD_LL_IsStallEP
                0x0000000008007578       0x58 ./USB_DEVICE/Target/usbd_conf.o
                0x0000000008007578                USBD_LL_IsStallEP
 .text.USBD_LL_SetUSBAddress
                0x00000000080075d0       0x3e ./USB_DEVICE/Target/usbd_conf.o
                0x00000000080075d0                USBD_LL_SetUSBAddress
 .text.USBD_LL_Transmit
                0x000000000800760e       0x42 ./USB_DEVICE/Target/usbd_conf.o
                0x000000000800760e                USBD_LL_Transmit
 .text.USBD_LL_PrepareReceive
                0x0000000008007650       0x42 ./USB_DEVICE/Target/usbd_conf.o
                0x0000000008007650                USBD_LL_PrepareReceive
 .text.USBD_LL_GetRxDataSize
                0x0000000008007692       0x26 ./USB_DEVICE/Target/usbd_conf.o
                0x0000000008007692                USBD_LL_GetRxDataSize
 .text.USBD_static_malloc
                0x00000000080076b8       0x1c ./USB_DEVICE/Target/usbd_conf.o
                0x00000000080076b8                USBD_static_malloc
 .text.USBD_static_free
                0x00000000080076d4       0x14 ./USB_DEVICE/Target/usbd_conf.o
                0x00000000080076d4                USBD_static_free
 .text.USBD_Get_USB_Status
                0x00000000080076e8       0x58 ./USB_DEVICE/Target/usbd_conf.o
                0x00000000080076e8                USBD_Get_USB_Status
 .text.__libc_init_array
                0x0000000008007740       0x48 c:/st/stm32cubeide_1.12.1/stm32cubeide/plugins/com.st.stm32cube.ide.mcu.externaltools.gnu-tools-for-stm32.10.3-2021.10.win32_1.0.200.202301161003/tools/bin/../lib/gcc/arm-none-eabi/10.3.1/../../../../arm-none-eabi/lib/thumb/v7e-m+fp/hard\libc_nano.a(lib_a-init.o)
                0x0000000008007740                __libc_init_array
 .text.memset   0x0000000008007788       0x10 c:/st/stm32cubeide_1.12.1/stm32cubeide/plugins/com.st.stm32cube.ide.mcu.externaltools.gnu-tools-for-stm32.10.3-2021.10.win32_1.0.200.202301161003/tools/bin/../lib/gcc/arm-none-eabi/10.3.1/../../../../arm-none-eabi/lib/thumb/v7e-m+fp/hard\libc_nano.a(lib_a-memset.o)
                0x0000000008007788                memset
 *(.glue_7)
 .glue_7        0x0000000008007798        0x0 linker stubs
 *(.glue_7t)
 .glue_7t       0x0000000008007798        0x0 linker stubs
 *(.eh_frame)
 .eh_frame      0x0000000008007798        0x0 c:/st/stm32cubeide_1.12.1/stm32cubeide/plugins/com.st.stm32cube.ide.mcu.externaltools.gnu-tools-for-stm32.10.3-2021.10.win32_1.0.200.202301161003/tools/bin/../lib/gcc/arm-none-eabi/10.3.1/thumb/v7e-m+fp/hard/crtbegin.o
 *(.init)
 .init          0x0000000008007798        0x4 c:/st/stm32cubeide_1.12.1/stm32cubeide/plugins/com.st.stm32cube.ide.mcu.externaltools.gnu-tools-for-stm32.10.3-2021.10.win32_1.0.200.202301161003/tools/bin/../lib/gcc/arm-none-eabi/10.3.1/thumb/v7e-m+fp/hard/crti.o
                0x0000000008007798                _init
 .init          0x000000000800779c        0x8 c:/st/stm32cubeide_1.12.1/stm32cubeide/plugins/com.st.stm32cube.ide.mcu.externaltools.gnu-tools-for-stm32.10.3-2021.10.win32_1.0.200.202301161003/tools/bin/../lib/gcc/arm-none-eabi/10.3.1/thumb/v7e-m+fp/hard/crtn.o
 *(.fini)
 .fini          0x00000000080077a4        0x4 c:/st/stm32cubeide_1.12.1/stm32cubeide/plugins/com.st.stm32cube.ide.mcu.externaltools.gnu-tools-for-stm32.10.3-2021.10.win32_1.0.200.202301161003/tools/bin/../lib/gcc/arm-none-eabi/10.3.1/thumb/v7e-m+fp/hard/crti.o
                0x00000000080077a4                _fini
 .fini          0x00000000080077a8        0x8 c:/st/stm32cubeide_1.12.1/stm32cubeide/plugins/com.st.stm32cube.ide.mcu.externaltools.gnu-tools-for-stm32.10.3-2021.10.win32_1.0.200.202301161003/tools/bin/../lib/gcc/arm-none-eabi/10.3.1/thumb/v7e-m+fp/hard/crtn.o
                0x00000000080077b0                . = ALIGN (0x4)
                0x00000000080077b0                _etext = .

.vfp11_veneer   0x00000000080077b0        0x0
 .vfp11_veneer  0x00000000080077b0        0x0 linker stubs

.v4_bx          0x00000000080077b0        0x0
 .v4_bx         0x00000000080077b0        0x0 linker stubs

.iplt           0x00000000080077b0        0x0
 .iplt          0x00000000080077b0        0x0 c:/st/stm32cubeide_1.12.1/stm32cubeide/plugins/com.st.stm32cube.ide.mcu.externaltools.gnu-tools-for-stm32.10.3-2021.10.win32_1.0.200.202301161003/tools/bin/../lib/gcc/arm-none-eabi/10.3.1/thumb/v7e-m+fp/hard/crtbegin.o

.rodata         0x00000000080077b0       0x8c
                0x00000000080077b0                . = ALIGN (0x4)
 *(.rodata)
 .rodata        0x00000000080077b0       0x2e ./Core/Src/main.o
 *fill*         0x00000000080077de        0x2 
 .rodata        0x00000000080077e0       0x42 ./USB_DEVICE/App/usbd_desc.o
 *(.rodata*)
 *fill*         0x0000000008007822        0x2 
 .rodata.AHBPrescTable
                0x0000000008007824       0x10 ./Core/Src/system_stm32f4xx.o
                0x0000000008007824                AHBPrescTable
 .rodata.APBPrescTable
                0x0000000008007834        0x8 ./Core/Src/system_stm32f4xx.o
                0x0000000008007834                APBPrescTable
                0x000000000800783c                . = ALIGN (0x4)

.ARM.extab      0x000000000800783c        0x0
                0x000000000800783c                . = ALIGN (0x4)
 *(.ARM.extab* .gnu.linkonce.armextab.*)
                0x000000000800783c                . = ALIGN (0x4)

.ARM            0x000000000800783c        0x8
                0x000000000800783c                . = ALIGN (0x4)
                0x000000000800783c                __exidx_start = .
 *(.ARM.exidx*)
 .ARM.exidx     0x000000000800783c        0x8 c:/st/stm32cubeide_1.12.1/stm32cubeide/plugins/com.st.stm32cube.ide.mcu.externaltools.gnu-tools-for-stm32.10.3-2021.10.win32_1.0.200.202301161003/tools/bin/../lib/gcc/arm-none-eabi/10.3.1/thumb/v7e-m+fp/hard\libgcc.a(_udivmoddi4.o)
                0x0000000008007844                __exidx_end = .
                0x0000000008007844                . = ALIGN (0x4)

.rel.dyn        0x0000000008007844        0x0
 .rel.iplt      0x0000000008007844        0x0 c:/st/stm32cubeide_1.12.1/stm32cubeide/plugins/com.st.stm32cube.ide.mcu.externaltools.gnu-tools-for-stm32.10.3-2021.10.win32_1.0.200.202301161003/tools/bin/../lib/gcc/arm-none-eabi/10.3.1/thumb/v7e-m+fp/hard/crtbegin.o

.preinit_array  0x0000000008007844        0x0
                0x0000000008007844                . = ALIGN (0x4)
                0x0000000008007844                PROVIDE (__preinit_array_start = .)
 *(.preinit_array*)
                0x0000000008007844                PROVIDE (__preinit_array_end = .)
                0x0000000008007844                . = ALIGN (0x4)

.init_array     0x0000000008007844        0x4
                0x0000000008007844                . = ALIGN (0x4)
                0x0000000008007844                PROVIDE (__init_array_start = .)
 *(SORT_BY_NAME(.init_array.*))
 *(.init_array*)
 .init_array    0x0000000008007844        0x4 c:/st/stm32cubeide_1.12.1/stm32cubeide/plugins/com.st.stm32cube.ide.mcu.externaltools.gnu-tools-for-stm32.10.3-2021.10.win32_1.0.200.202301161003/tools/bin/../lib/gcc/arm-none-eabi/10.3.1/thumb/v7e-m+fp/hard/crtbegin.o
                0x0000000008007848                PROVIDE (__init_array_end = .)
                0x0000000008007848                . = ALIGN (0x4)

.fini_array     0x0000000008007848        0x4
                0x0000000008007848                . = ALIGN (0x4)
                [!provide]                        PROVIDE (__fini_array_start = .)
 *(SORT_BY_NAME(.fini_array.*))
 *(.fini_array*)
 .fini_array    0x0000000008007848        0x4 c:/st/stm32cubeide_1.12.1/stm32cubeide/plugins/com.st.stm32cube.ide.mcu.externaltools.gnu-tools-for-stm32.10.3-2021.10.win32_1.0.200.202301161003/tools/bin/../lib/gcc/arm-none-eabi/10.3.1/thumb/v7e-m+fp/hard/crtbegin.o
                [!provide]                        PROVIDE (__fini_array_end = .)
                0x000000000800784c                . = ALIGN (0x4)
                0x000000000800784c                _sidata = LOADADDR (.data)

.data           0x0000000020000000       0xfc load address 0x000000000800784c
                0x0000000020000000                . = ALIGN (0x4)
                0x0000000020000000                _sdata = .
 *(.data)
 *(.data*)
 .data.SystemCoreClock
                0x0000000020000000        0x4 ./Core/Src/system_stm32f4xx.o
                0x0000000020000000                SystemCoreClock
 .data.uwTickPrio
                0x0000000020000004        0x4 ./Drivers/STM32F4xx_HAL_Driver/Src/stm32f4xx_hal.o
                0x0000000020000004                uwTickPrio
 .data.uwTickFreq
                0x0000000020000008        0x1 ./Drivers/STM32F4xx_HAL_Driver/Src/stm32f4xx_hal.o
                0x0000000020000008                uwTickFreq
 *fill*         0x0000000020000009        0x3 
 .data.USBD_CDC_DeviceQualifierDesc
                0x000000002000000c        0xa ./Middlewares/ST/STM32_USB_Device_Library/Class/CDC/Src/usbd_cdc.o
 *fill*         0x0000000020000016        0x2 
 .data.USBD_CDC
                0x0000000020000018       0x38 ./Middlewares/ST/STM32_USB_Device_Library/Class/CDC/Src/usbd_cdc.o
                0x0000000020000018                USBD_CDC
 .data.USBD_CDC_CfgDesc
                0x0000000020000050       0x43 ./Middlewares/ST/STM32_USB_Device_Library/Class/CDC/Src/usbd_cdc.o
 .data.CDCInEpAdd
                0x0000000020000093        0x1 ./Middlewares/ST/STM32_USB_Device_Library/Class/CDC/Src/usbd_cdc.o
 .data.CDCOutEpAdd
                0x0000000020000094        0x1 ./Middlewares/ST/STM32_USB_Device_Library/Class/CDC/Src/usbd_cdc.o
 .data.CDCCmdEpAdd
                0x0000000020000095        0x1 ./Middlewares/ST/STM32_USB_Device_Library/Class/CDC/Src/usbd_cdc.o
 *fill*         0x0000000020000096        0x2 
 .data.USBD_Interface_fops_FS
                0x0000000020000098       0x14 ./USB_DEVICE/App/usbd_cdc_if.o
                0x0000000020000098                USBD_Interface_fops_FS
 .data.FS_Desc  0x00000000200000ac       0x1c ./USB_DEVICE/App/usbd_desc.o
                0x00000000200000ac                FS_Desc
 .data.USBD_FS_DeviceDesc
                0x00000000200000c8       0x12 ./USB_DEVICE/App/usbd_desc.o
                0x00000000200000c8                USBD_FS_DeviceDesc
 *fill*         0x00000000200000da        0x2 
 .data.USBD_LangIDDesc
                0x00000000200000dc        0x4 ./USB_DEVICE/App/usbd_desc.o
                0x00000000200000dc                USBD_LangIDDesc
 .data.USBD_StringSerial
                0x00000000200000e0       0x1a ./USB_DEVICE/App/usbd_desc.o
                0x00000000200000e0                USBD_StringSerial
 *(.RamFunc)
 *(.RamFunc*)
                0x00000000200000fc                . = ALIGN (0x4)
 *fill*         0x00000000200000fa        0x2 
                0x00000000200000fc                _edata = .
                0x0000000008007948                _siccmram = LOADADDR (.ccmram)

.igot.plt       0x00000000200000fc        0x0 load address 0x0000000008007948
 .igot.plt      0x00000000200000fc        0x0 c:/st/stm32cubeide_1.12.1/stm32cubeide/plugins/com.st.stm32cube.ide.mcu.externaltools.gnu-tools-for-stm32.10.3-2021.10.win32_1.0.200.202301161003/tools/bin/../lib/gcc/arm-none-eabi/10.3.1/thumb/v7e-m+fp/hard/crtbegin.o

.ccmram         0x0000000010000000        0x0 load address 0x0000000008007948
                0x0000000010000000                . = ALIGN (0x4)
                0x0000000010000000                _sccmram = .
 *(.ccmram)
 *(.ccmram*)
                0x0000000010000000                . = ALIGN (0x4)
                0x0000000010000000                _eccmram = .
                0x0000000010000000                . = ALIGN (0x4)

.bss            0x00000000200000fc     0x1c74
                0x00000000200000fc                _sbss = .
                0x00000000200000fc                __bss_start__ = _sbss
 *(.bss)
 .bss           0x00000000200000fc       0x1c c:/st/stm32cubeide_1.12.1/stm32cubeide/plugins/com.st.stm32cube.ide.mcu.externaltools.gnu-tools-for-stm32.10.3-2021.10.win32_1.0.200.202301161003/tools/bin/../lib/gcc/arm-none-eabi/10.3.1/thumb/v7e-m+fp/hard/crtbegin.o
 *(.bss*)
 .bss.huart1    0x0000000020000118       0x44 ./Core/Src/main.o
                0x0000000020000118                huart1
 .bss.SystemState
                0x000000002000015c        0x1 ./Core/Src/main.o
                0x000000002000015c                SystemState
 .bss.ButtonPressCount
                0x000000002000015d        0x1 ./Core/Src/main.o
                0x000000002000015d                ButtonPressCount
 .bss.LedState1
                0x000000002000015e        0x1 ./Core/Src/main.o
                0x000000002000015e                LedState1
 .bss.LedState2
                0x000000002000015f        0x1 ./Core/Src/main.o
                0x000000002000015f                LedState2
 .bss.uwTick    0x0000000020000160        0x4 ./Drivers/STM32F4xx_HAL_Driver/Src/stm32f4xx_hal.o
                0x0000000020000160                uwTick
 .bss.cfgidx.0  0x0000000020000164        0x1 ./Middlewares/ST/STM32_USB_Device_Library/Core/Src/usbd_ctlreq.o
 *fill*         0x0000000020000165        0x3 
 .bss.hUsbDeviceFS
                0x0000000020000168      0x2dc ./USB_DEVICE/App/usb_device.o
                0x0000000020000168                hUsbDeviceFS
 .bss.UserRxBufferFS
                0x0000000020000444      0x800 ./USB_DEVICE/App/usbd_cdc_if.o
                0x0000000020000444                UserRxBufferFS
 .bss.UserTxBufferFS
                0x0000000020000c44      0x800 ./USB_DEVICE/App/usbd_cdc_if.o
                0x0000000020000c44                UserTxBufferFS
 .bss.USBD_StrDesc
                0x0000000020001444      0x200 ./USB_DEVICE/App/usbd_desc.o
                0x0000000020001444                USBD_StrDesc
 .bss.hpcd_USB_OTG_FS
                0x0000000020001644      0x50c ./USB_DEVICE/Target/usbd_conf.o
                0x0000000020001644                hpcd_USB_OTG_FS
 .bss.mem.0     0x0000000020001b50      0x220 ./USB_DEVICE/Target/usbd_conf.o
 *(COMMON)
                0x0000000020001d70                . = ALIGN (0x4)
                0x0000000020001d70                _ebss = .
                0x0000000020001d70                __bss_end__ = _ebss

._user_heap_stack
                0x0000000020001d70      0x600
                0x0000000020001d70                . = ALIGN (0x8)
                [!provide]                        PROVIDE (end = .)
                0x0000000020001d70                PROVIDE (_end = .)
                0x0000000020001f70                . = (. + _Min_Heap_Size)
 *fill*         0x0000000020001d70      0x200 
                0x0000000020002370                . = (. + _Min_Stack_Size)
 *fill*         0x0000000020001f70      0x400 
                0x0000000020002370                . = ALIGN (0x8)

/DISCARD/
 libc.a(*)
 libm.a(*)
 libgcc.a(*)

.ARM.attributes
                0x0000000000000000       0x30
 *(.ARM.attributes)
 .ARM.attributes
                0x0000000000000000       0x1e c:/st/stm32cubeide_1.12.1/stm32cubeide/plugins/com.st.stm32cube.ide.mcu.externaltools.gnu-tools-for-stm32.10.3-2021.10.win32_1.0.200.202301161003/tools/bin/../lib/gcc/arm-none-eabi/10.3.1/thumb/v7e-m+fp/hard/crti.o
 .ARM.attributes
                0x000000000000001e       0x34 c:/st/stm32cubeide_1.12.1/stm32cubeide/plugins/com.st.stm32cube.ide.mcu.externaltools.gnu-tools-for-stm32.10.3-2021.10.win32_1.0.200.202301161003/tools/bin/../lib/gcc/arm-none-eabi/10.3.1/thumb/v7e-m+fp/hard/crtbegin.o
 .ARM.attributes
                0x0000000000000052       0x34 ./Core/Src/main.o
 .ARM.attributes
                0x0000000000000086       0x34 ./Core/Src/stm32f4xx_hal_msp.o
 .ARM.attributes
                0x00000000000000ba       0x34 ./Core/Src/stm32f4xx_it.o
 .ARM.attributes
                0x00000000000000ee       0x34 ./Core/Src/system_stm32f4xx.o
 .ARM.attributes
                0x0000000000000122       0x21 ./Core/Startup/startup_stm32f429zitx.o
 .ARM.attributes
                0x0000000000000143       0x34 ./Drivers/STM32F4xx_HAL_Driver/Src/stm32f4xx_hal.o
 .ARM.attributes
                0x0000000000000177       0x34 ./Drivers/STM32F4xx_HAL_Driver/Src/stm32f4xx_hal_cortex.o
 .ARM.attributes
                0x00000000000001ab       0x34 ./Drivers/STM32F4xx_HAL_Driver/Src/stm32f4xx_hal_gpio.o
 .ARM.attributes
                0x00000000000001df       0x34 ./Drivers/STM32F4xx_HAL_Driver/Src/stm32f4xx_hal_pcd.o
 .ARM.attributes
                0x0000000000000213       0x34 ./Drivers/STM32F4xx_HAL_Driver/Src/stm32f4xx_hal_pcd_ex.o
 .ARM.attributes
                0x0000000000000247       0x34 ./Drivers/STM32F4xx_HAL_Driver/Src/stm32f4xx_hal_rcc.o
 .ARM.attributes
                0x000000000000027b       0x34 ./Drivers/STM32F4xx_HAL_Driver/Src/stm32f4xx_hal_uart.o
 .ARM.attributes
                0x00000000000002af       0x34 ./Drivers/STM32F4xx_HAL_Driver/Src/stm32f4xx_ll_usb.o
 .ARM.attributes
                0x00000000000002e3       0x34 ./Middlewares/ST/STM32_USB_Device_Library/Class/CDC/Src/usbd_cdc.o
 .ARM.attributes
                0x0000000000000317       0x34 ./Middlewares/ST/STM32_USB_Device_Library/Core/Src/usbd_core.o
 .ARM.attributes
                0x000000000000034b       0x34 ./Middlewares/ST/STM32_USB_Device_Library/Core/Src/usbd_ctlreq.o
 .ARM.attributes
                0x000000000000037f       0x34 ./Middlewares/ST/STM32_USB_Device_Library/Core/Src/usbd_ioreq.o
 .ARM.attributes
                0x00000000000003b3       0x34 ./USB_DEVICE/App/usb_device.o
 .ARM.attributes
                0x00000000000003e7       0x34 ./USB_DEVICE/App/usbd_cdc_if.o
 .ARM.attributes
                0x000000000000041b       0x34 ./USB_DEVICE/App/usbd_desc.o
 .ARM.attributes
                0x000000000000044f       0x34 ./USB_DEVICE/Target/usbd_conf.o
 .ARM.attributes
                0x0000000000000483       0x34 c:/st/stm32cubeide_1.12.1/stm32cubeide/plugins/com.st.stm32cube.ide.mcu.externaltools.gnu-tools-for-stm32.10.3-2021.10.win32_1.0.200.202301161003/tools/bin/../lib/gcc/arm-none-eabi/10.3.1/../../../../arm-none-eabi/lib/thumb/v7e-m+fp/hard\libc_nano.a(lib_a-init.o)
 .ARM.attributes
                0x00000000000004b7       0x34 c:/st/stm32cubeide_1.12.1/stm32cubeide/plugins/com.st.stm32cube.ide.mcu.externaltools.gnu-tools-for-stm32.10.3-2021.10.win32_1.0.200.202301161003/tools/bin/../lib/gcc/arm-none-eabi/10.3.1/../../../../arm-none-eabi/lib/thumb/v7e-m+fp/hard\libc_nano.a(lib_a-memset.o)
 .ARM.attributes
                0x00000000000004eb       0x1e c:/st/stm32cubeide_1.12.1/stm32cubeide/plugins/com.st.stm32cube.ide.mcu.externaltools.gnu-tools-for-stm32.10.3-2021.10.win32_1.0.200.202301161003/tools/bin/../lib/gcc/arm-none-eabi/10.3.1/thumb/v7e-m+fp/hard\libgcc.a(_aeabi_uldivmod.o)
 .ARM.attributes
                0x0000000000000509       0x34 c:/st/stm32cubeide_1.12.1/stm32cubeide/plugins/com.st.stm32cube.ide.mcu.externaltools.gnu-tools-for-stm32.10.3-2021.10.win32_1.0.200.202301161003/tools/bin/../lib/gcc/arm-none-eabi/10.3.1/thumb/v7e-m+fp/hard\libgcc.a(_udivmoddi4.o)
 .ARM.attributes
                0x000000000000053d       0x1e c:/st/stm32cubeide_1.12.1/stm32cubeide/plugins/com.st.stm32cube.ide.mcu.externaltools.gnu-tools-for-stm32.10.3-2021.10.win32_1.0.200.202301161003/tools/bin/../lib/gcc/arm-none-eabi/10.3.1/thumb/v7e-m+fp/hard\libgcc.a(_dvmd_tls.o)
 .ARM.attributes
                0x000000000000055b       0x1e c:/st/stm32cubeide_1.12.1/stm32cubeide/plugins/com.st.stm32cube.ide.mcu.externaltools.gnu-tools-for-stm32.10.3-2021.10.win32_1.0.200.202301161003/tools/bin/../lib/gcc/arm-none-eabi/10.3.1/thumb/v7e-m+fp/hard/crtn.o
OUTPUT(MyProject.elf elf32-littlearm)
LOAD linker stubs
LOAD c:/st/stm32cubeide_1.12.1/stm32cubeide/plugins/com.st.stm32cube.ide.mcu.externaltools.gnu-tools-for-stm32.10.3-2021.10.win32_1.0.200.202301161003/tools/bin/../lib/gcc/arm-none-eabi/10.3.1/../../../../arm-none-eabi/lib/thumb/v7e-m+fp/hard\libc.a
LOAD c:/st/stm32cubeide_1.12.1/stm32cubeide/plugins/com.st.stm32cube.ide.mcu.externaltools.gnu-tools-for-stm32.10.3-2021.10.win32_1.0.200.202301161003/tools/bin/../lib/gcc/arm-none-eabi/10.3.1/../../../../arm-none-eabi/lib/thumb/v7e-m+fp/hard\libm.a
LOAD c:/st/stm32cubeide_1.12.1/stm32cubeide/plugins/com.st.stm32cube.ide.mcu.externaltools.gnu-tools-for-stm32.10.3-2021.10.win32_1.0.200.202301161003/tools/bin/../lib/gcc/arm-none-eabi/10.3.1/thumb/v7e-m+fp/hard\libgcc.a

.debug_info     0x0000000000000000    0x1210a
 .debug_info    0x0000000000000000     0x1034 ./Core/Src/main.o
 .debug_info    0x0000000000001034      0x987 ./Core/Src/stm32f4xx_hal_msp.o
 .debug_info    0x00000000000019bb      0x674 ./Core/Src/stm32f4xx_it.o
 .debug_info    0x000000000000202f      0x53f ./Core/Src/system_stm32f4xx.o
 .debug_info    0x000000000000256e       0x22 ./Core/Startup/startup_stm32f429zitx.o
 .debug_info    0x0000000000002590      0x9f4 ./Drivers/STM32F4xx_HAL_Driver/Src/stm32f4xx_hal.o
 .debug_info    0x0000000000002f84      0xe51 ./Drivers/STM32F4xx_HAL_Driver/Src/stm32f4xx_hal_cortex.o
 .debug_info    0x0000000000003dd5      0x786 ./Drivers/STM32F4xx_HAL_Driver/Src/stm32f4xx_hal_gpio.o
 .debug_info    0x000000000000455b     0x1695 ./Drivers/STM32F4xx_HAL_Driver/Src/stm32f4xx_hal_pcd.o
 .debug_info    0x0000000000005bf0      0x717 ./Drivers/STM32F4xx_HAL_Driver/Src/stm32f4xx_hal_pcd_ex.o
 .debug_info    0x0000000000006307      0x982 ./Drivers/STM32F4xx_HAL_Driver/Src/stm32f4xx_hal_rcc.o
 .debug_info    0x0000000000006c89     0x31bc ./Drivers/STM32F4xx_HAL_Driver/Src/stm32f4xx_hal_uart.o
 .debug_info    0x0000000000009e45     0x1a97 ./Drivers/STM32F4xx_HAL_Driver/Src/stm32f4xx_ll_usb.o
 .debug_info    0x000000000000b8dc     0x130c ./Middlewares/ST/STM32_USB_Device_Library/Class/CDC/Src/usbd_cdc.o
 .debug_info    0x000000000000cbe8      0xee7 ./Middlewares/ST/STM32_USB_Device_Library/Core/Src/usbd_core.o
 .debug_info    0x000000000000dacf      0xb7f ./Middlewares/ST/STM32_USB_Device_Library/Core/Src/usbd_ctlreq.o
 .debug_info    0x000000000000e64e      0x7da ./Middlewares/ST/STM32_USB_Device_Library/Core/Src/usbd_ioreq.o
 .debug_info    0x000000000000ee28      0x76a ./USB_DEVICE/App/usb_device.o
 .debug_info    0x000000000000f592      0x96f ./USB_DEVICE/App/usbd_cdc_if.o
 .debug_info    0x000000000000ff01      0x498 ./USB_DEVICE/App/usbd_desc.o
 .debug_info    0x0000000000010399     0x1d71 ./USB_DEVICE/Target/usbd_conf.o

.debug_abbrev   0x0000000000000000     0x2ce0
 .debug_abbrev  0x0000000000000000      0x2a5 ./Core/Src/main.o
 .debug_abbrev  0x00000000000002a5      0x19b ./Core/Src/stm32f4xx_hal_msp.o
 .debug_abbrev  0x0000000000000440      0x1ae ./Core/Src/stm32f4xx_it.o
 .debug_abbrev  0x00000000000005ee      0x116 ./Core/Src/system_stm32f4xx.o
 .debug_abbrev  0x0000000000000704       0x12 ./Core/Startup/startup_stm32f429zitx.o
 .debug_abbrev  0x0000000000000716      0x20d ./Drivers/STM32F4xx_HAL_Driver/Src/stm32f4xx_hal.o
 .debug_abbrev  0x0000000000000923      0x316 ./Drivers/STM32F4xx_HAL_Driver/Src/stm32f4xx_hal_cortex.o
 .debug_abbrev  0x0000000000000c39      0x1c4 ./Drivers/STM32F4xx_HAL_Driver/Src/stm32f4xx_hal_gpio.o
 .debug_abbrev  0x0000000000000dfd      0x2bb ./Drivers/STM32F4xx_HAL_Driver/Src/stm32f4xx_hal_pcd.o
 .debug_abbrev  0x00000000000010b8      0x1ce ./Drivers/STM32F4xx_HAL_Driver/Src/stm32f4xx_hal_pcd_ex.o
 .debug_abbrev  0x0000000000001286      0x2aa ./Drivers/STM32F4xx_HAL_Driver/Src/stm32f4xx_hal_rcc.o
 .debug_abbrev  0x0000000000001530      0x2f4 ./Drivers/STM32F4xx_HAL_Driver/Src/stm32f4xx_hal_uart.o
 .debug_abbrev  0x0000000000001824      0x296 ./Drivers/STM32F4xx_HAL_Driver/Src/stm32f4xx_ll_usb.o
 .debug_abbrev  0x0000000000001aba      0x2be ./Middlewares/ST/STM32_USB_Device_Library/Class/CDC/Src/usbd_cdc.o
 .debug_abbrev  0x0000000000001d78      0x263 ./Middlewares/ST/STM32_USB_Device_Library/Core/Src/usbd_core.o
 .debug_abbrev  0x0000000000001fdb      0x25c ./Middlewares/ST/STM32_USB_Device_Library/Core/Src/usbd_ctlreq.o
 .debug_abbrev  0x0000000000002237      0x18a ./Middlewares/ST/STM32_USB_Device_Library/Core/Src/usbd_ioreq.o
 .debug_abbrev  0x00000000000023c1      0x18a ./USB_DEVICE/App/usb_device.o
 .debug_abbrev  0x000000000000254b      0x290 ./USB_DEVICE/App/usbd_cdc_if.o
 .debug_abbrev  0x00000000000027db      0x1da ./USB_DEVICE/App/usbd_desc.o
 .debug_abbrev  0x00000000000029b5      0x32b ./USB_DEVICE/Target/usbd_conf.o

.debug_aranges  0x0000000000000000      0xd70
 .debug_aranges
                0x0000000000000000       0x48 ./Core/Src/main.o
 .debug_aranges
                0x0000000000000048       0x30 ./Core/Src/stm32f4xx_hal_msp.o
 .debug_aranges
                0x0000000000000078       0x70 ./Core/Src/stm32f4xx_it.o
 .debug_aranges
                0x00000000000000e8       0x28 ./Core/Src/system_stm32f4xx.o
 .debug_aranges
                0x0000000000000110       0x28 ./Core/Startup/startup_stm32f429zitx.o
 .debug_aranges
                0x0000000000000138      0x100 ./Drivers/STM32F4xx_HAL_Driver/Src/stm32f4xx_hal.o
 .debug_aranges
                0x0000000000000238      0x118 ./Drivers/STM32F4xx_HAL_Driver/Src/stm32f4xx_hal_cortex.o
 .debug_aranges
                0x0000000000000350       0x58 ./Drivers/STM32F4xx_HAL_Driver/Src/stm32f4xx_hal_gpio.o
 .debug_aranges
                0x00000000000003a8      0x148 ./Drivers/STM32F4xx_HAL_Driver/Src/stm32f4xx_hal_pcd.o
 .debug_aranges
                0x00000000000004f0       0x38 ./Drivers/STM32F4xx_HAL_Driver/Src/stm32f4xx_hal_pcd_ex.o
 .debug_aranges
                0x0000000000000528       0x88 ./Drivers/STM32F4xx_HAL_Driver/Src/stm32f4xx_hal_rcc.o
 .debug_aranges
                0x00000000000005b0      0x200 ./Drivers/STM32F4xx_HAL_Driver/Src/stm32f4xx_hal_uart.o
 .debug_aranges
                0x00000000000007b0      0x1a0 ./Drivers/STM32F4xx_HAL_Driver/Src/stm32f4xx_ll_usb.o
 .debug_aranges
                0x0000000000000950       0x90 ./Middlewares/ST/STM32_USB_Device_Library/Class/CDC/Src/usbd_cdc.o
 .debug_aranges
                0x00000000000009e0       0xd8 ./Middlewares/ST/STM32_USB_Device_Library/Core/Src/usbd_core.o
 .debug_aranges
                0x0000000000000ab8       0x90 ./Middlewares/ST/STM32_USB_Device_Library/Core/Src/usbd_ctlreq.o
 .debug_aranges
                0x0000000000000b48       0x50 ./Middlewares/ST/STM32_USB_Device_Library/Core/Src/usbd_ioreq.o
 .debug_aranges
                0x0000000000000b98       0x20 ./USB_DEVICE/App/usb_device.o
 .debug_aranges
                0x0000000000000bb8       0x48 ./USB_DEVICE/App/usbd_cdc_if.o
 .debug_aranges
                0x0000000000000c00       0x60 ./USB_DEVICE/App/usbd_desc.o
 .debug_aranges
                0x0000000000000c60      0x110 ./USB_DEVICE/Target/usbd_conf.o

.debug_ranges   0x0000000000000000      0xc58
 .debug_ranges  0x0000000000000000       0x38 ./Core/Src/main.o
 .debug_ranges  0x0000000000000038       0x20 ./Core/Src/stm32f4xx_hal_msp.o
 .debug_ranges  0x0000000000000058       0x60 ./Core/Src/stm32f4xx_it.o
 .debug_ranges  0x00000000000000b8       0x18 ./Core/Src/system_stm32f4xx.o
 .debug_ranges  0x00000000000000d0       0x20 ./Core/Startup/startup_stm32f429zitx.o
 .debug_ranges  0x00000000000000f0       0xf0 ./Drivers/STM32F4xx_HAL_Driver/Src/stm32f4xx_hal.o
 .debug_ranges  0x00000000000001e0      0x108 ./Drivers/STM32F4xx_HAL_Driver/Src/stm32f4xx_hal_cortex.o
 .debug_ranges  0x00000000000002e8       0x48 ./Drivers/STM32F4xx_HAL_Driver/Src/stm32f4xx_hal_gpio.o
 .debug_ranges  0x0000000000000330      0x138 ./Drivers/STM32F4xx_HAL_Driver/Src/stm32f4xx_hal_pcd.o
 .debug_ranges  0x0000000000000468       0x28 ./Drivers/STM32F4xx_HAL_Driver/Src/stm32f4xx_hal_pcd_ex.o
 .debug_ranges  0x0000000000000490       0x78 ./Drivers/STM32F4xx_HAL_Driver/Src/stm32f4xx_hal_rcc.o
 .debug_ranges  0x0000000000000508      0x220 ./Drivers/STM32F4xx_HAL_Driver/Src/stm32f4xx_hal_uart.o
 .debug_ranges  0x0000000000000728      0x190 ./Drivers/STM32F4xx_HAL_Driver/Src/stm32f4xx_ll_usb.o
 .debug_ranges  0x00000000000008b8       0x80 ./Middlewares/ST/STM32_USB_Device_Library/Class/CDC/Src/usbd_cdc.o
 .debug_ranges  0x0000000000000938       0xc8 ./Middlewares/ST/STM32_USB_Device_Library/Core/Src/usbd_core.o
 .debug_ranges  0x0000000000000a00       0x80 ./Middlewares/ST/STM32_USB_Device_Library/Core/Src/usbd_ctlreq.o
 .debug_ranges  0x0000000000000a80       0x40 ./Middlewares/ST/STM32_USB_Device_Library/Core/Src/usbd_ioreq.o
 .debug_ranges  0x0000000000000ac0       0x10 ./USB_DEVICE/App/usb_device.o
 .debug_ranges  0x0000000000000ad0       0x38 ./USB_DEVICE/App/usbd_cdc_if.o
 .debug_ranges  0x0000000000000b08       0x50 ./USB_DEVICE/App/usbd_desc.o
 .debug_ranges  0x0000000000000b58      0x100 ./USB_DEVICE/Target/usbd_conf.o

.debug_macro    0x0000000000000000    0x258b2
 .debug_macro   0x0000000000000000      0x422 ./Core/Src/main.o
 .debug_macro   0x0000000000000422      0xa78 ./Core/Src/main.o
 .debug_macro   0x0000000000000e9a      0x29b ./Core/Src/main.o
 .debug_macro   0x0000000000001135       0x2e ./Core/Src/main.o
 .debug_macro   0x0000000000001163       0x28 ./Core/Src/main.o
 .debug_macro   0x000000000000118b       0x22 ./Core/Src/main.o
 .debug_macro   0x00000000000011ad       0x8e ./Core/Src/main.o
 .debug_macro   0x000000000000123b       0x51 ./Core/Src/main.o
 .debug_macro   0x000000000000128c      0x103 ./Core/Src/main.o
 .debug_macro   0x000000000000138f       0x6a ./Core/Src/main.o
 .debug_macro   0x00000000000013f9      0x1df ./Core/Src/main.o
 .debug_macro   0x00000000000015d8       0x1c ./Core/Src/main.o
 .debug_macro   0x00000000000015f4       0x22 ./Core/Src/main.o
 .debug_macro   0x0000000000001616       0xd9 ./Core/Src/main.o
 .debug_macro   0x00000000000016ef     0x102d ./Core/Src/main.o
 .debug_macro   0x000000000000271c      0x11f ./Core/Src/main.o
 .debug_macro   0x000000000000283b    0x17fc0 ./Core/Src/main.o
 .debug_macro   0x000000000001a7fb       0x6d ./Core/Src/main.o
 .debug_macro   0x000000000001a868     0x36f5 ./Core/Src/main.o
 .debug_macro   0x000000000001df5d      0x174 ./Core/Src/main.o
 .debug_macro   0x000000000001e0d1       0x5c ./Core/Src/main.o
 .debug_macro   0x000000000001e12d      0xca5 ./Core/Src/main.o
 .debug_macro   0x000000000001edd2      0x9fe ./Core/Src/main.o
 .debug_macro   0x000000000001f7d0      0x115 ./Core/Src/main.o
 .debug_macro   0x000000000001f8e5      0x156 ./Core/Src/main.o
 .debug_macro   0x000000000001fa3b       0xa5 ./Core/Src/main.o
 .debug_macro   0x000000000001fae0      0x182 ./Core/Src/main.o
 .debug_macro   0x000000000001fc62      0x287 ./Core/Src/main.o
 .debug_macro   0x000000000001fee9       0x5f ./Core/Src/main.o
 .debug_macro   0x000000000001ff48      0x236 ./Core/Src/main.o
 .debug_macro   0x000000000002017e      0x132 ./Core/Src/main.o
 .debug_macro   0x00000000000202b0      0x41d ./Core/Src/main.o
 .debug_macro   0x00000000000206cd       0x2e ./Core/Src/main.o
 .debug_macro   0x00000000000206fb      0x11a ./Core/Src/main.o
 .debug_macro   0x0000000000020815       0xe2 ./Core/Src/main.o
 .debug_macro   0x00000000000208f7       0x89 ./Core/Src/main.o
 .debug_macro   0x0000000000020980      0x295 ./Core/Src/main.o
 .debug_macro   0x0000000000020c15      0x248 ./Core/Src/main.o
 .debug_macro   0x0000000000020e5d       0xba ./Core/Src/main.o
 .debug_macro   0x0000000000020f17      0x134 ./Core/Src/main.o
 .debug_macro   0x000000000002104b       0x1c ./Core/Src/main.o
 .debug_macro   0x0000000000021067       0x52 ./Core/Src/main.o
 .debug_macro   0x00000000000210b9       0x1e ./Core/Src/main.o
 .debug_macro   0x00000000000210d7       0x3c ./Core/Src/main.o
 .debug_macro   0x0000000000021113       0x34 ./Core/Src/main.o
 .debug_macro   0x0000000000021147       0x16 ./Core/Src/main.o
 .debug_macro   0x000000000002115d       0x35 ./Core/Src/main.o
 .debug_macro   0x0000000000021192      0x341 ./Core/Src/main.o
 .debug_macro   0x00000000000214d3       0x10 ./Core/Src/main.o
 .debug_macro   0x00000000000214e3       0x16 ./Core/Src/main.o
 .debug_macro   0x00000000000214f9       0x43 ./Core/Src/main.o
 .debug_macro   0x000000000002153c       0x34 ./Core/Src/main.o
 .debug_macro   0x0000000000021570       0x10 ./Core/Src/main.o
 .debug_macro   0x0000000000021580       0x58 ./Core/Src/main.o
 .debug_macro   0x00000000000215d8       0x71 ./Core/Src/main.o
 .debug_macro   0x0000000000021649       0x1c ./Core/Src/main.o
 .debug_macro   0x0000000000021665      0x12a ./Core/Src/main.o
 .debug_macro   0x000000000002178f       0x10 ./Core/Src/main.o
 .debug_macro   0x000000000002179f       0x1c ./Core/Src/main.o
 .debug_macro   0x00000000000217bb       0x52 ./Core/Src/main.o
 .debug_macro   0x000000000002180d       0x22 ./Core/Src/main.o
 .debug_macro   0x000000000002182f       0x10 ./Core/Src/main.o
 .debug_macro   0x000000000002183f       0x52 ./Core/Src/main.o
 .debug_macro   0x0000000000021891       0xd5 ./Core/Src/main.o
 .debug_macro   0x0000000000021966       0x1c ./Core/Src/main.o
 .debug_macro   0x0000000000021982       0x3d ./Core/Src/main.o
 .debug_macro   0x00000000000219bf       0x16 ./Core/Src/main.o
 .debug_macro   0x00000000000219d5      0x145 ./Core/Src/main.o
 .debug_macro   0x0000000000021b1a       0x16 ./Core/Src/main.o
 .debug_macro   0x0000000000021b30       0x16 ./Core/Src/main.o
 .debug_macro   0x0000000000021b46       0x29 ./Core/Src/main.o
 .debug_macro   0x0000000000021b6f       0x16 ./Core/Src/main.o
 .debug_macro   0x0000000000021b85       0x20 ./Core/Src/main.o
 .debug_macro   0x0000000000021ba5       0x65 ./Core/Src/main.o
 .debug_macro   0x0000000000021c0a      0x20f ./Core/Src/main.o
 .debug_macro   0x0000000000021e19       0x95 ./Core/Src/main.o
 .debug_macro   0x0000000000021eae       0x10 ./Core/Src/main.o
 .debug_macro   0x0000000000021ebe      0x1ed ./Core/Src/stm32f4xx_hal_msp.o
 .debug_macro   0x00000000000220ab      0x1f7 ./Core/Src/stm32f4xx_it.o
 .debug_macro   0x00000000000222a2      0x1de ./Core/Src/system_stm32f4xx.o
 .debug_macro   0x0000000000022480      0x23e ./Drivers/STM32F4xx_HAL_Driver/Src/stm32f4xx_hal.o
 .debug_macro   0x00000000000226be      0x1de ./Drivers/STM32F4xx_HAL_Driver/Src/stm32f4xx_hal_cortex.o
 .debug_macro   0x000000000002289c      0x1e4 ./Drivers/STM32F4xx_HAL_Driver/Src/stm32f4xx_hal_gpio.o
 .debug_macro   0x0000000000022a80      0x1ea ./Drivers/STM32F4xx_HAL_Driver/Src/stm32f4xx_hal_pcd.o
 .debug_macro   0x0000000000022c6a      0x1de ./Drivers/STM32F4xx_HAL_Driver/Src/stm32f4xx_hal_pcd_ex.o
 .debug_macro   0x0000000000022e48      0x202 ./Drivers/STM32F4xx_HAL_Driver/Src/stm32f4xx_hal_rcc.o
 .debug_macro   0x000000000002304a      0x1df ./Drivers/STM32F4xx_HAL_Driver/Src/stm32f4xx_hal_uart.o
 .debug_macro   0x0000000000023229      0x1de ./Drivers/STM32F4xx_HAL_Driver/Src/stm32f4xx_ll_usb.o
 .debug_macro   0x0000000000023407      0x403 ./Middlewares/ST/STM32_USB_Device_Library/Class/CDC/Src/usbd_cdc.o
 .debug_macro   0x000000000002380a       0x97 ./Middlewares/ST/STM32_USB_Device_Library/Class/CDC/Src/usbd_cdc.o
 .debug_macro   0x00000000000238a1       0xfd ./Middlewares/ST/STM32_USB_Device_Library/Class/CDC/Src/usbd_cdc.o
 .debug_macro   0x000000000002399e       0x56 ./Middlewares/ST/STM32_USB_Device_Library/Class/CDC/Src/usbd_cdc.o
 .debug_macro   0x00000000000239f4      0x3ea ./Middlewares/ST/STM32_USB_Device_Library/Core/Src/usbd_core.o
 .debug_macro   0x0000000000023dde      0x215 ./Middlewares/ST/STM32_USB_Device_Library/Core/Src/usbd_core.o
 .debug_macro   0x0000000000023ff3      0x3f4 ./Middlewares/ST/STM32_USB_Device_Library/Core/Src/usbd_ctlreq.o
 .debug_macro   0x00000000000243e7      0x3f0 ./Middlewares/ST/STM32_USB_Device_Library/Core/Src/usbd_ioreq.o
 .debug_macro   0x00000000000247d7      0x423 ./USB_DEVICE/App/usb_device.o
 .debug_macro   0x0000000000024bfa       0x22 ./USB_DEVICE/App/usb_device.o
 .debug_macro   0x0000000000024c1c       0x22 ./USB_DEVICE/App/usb_device.o
 .debug_macro   0x0000000000024c3e       0x16 ./USB_DEVICE/App/usb_device.o
 .debug_macro   0x0000000000024c54      0x40e ./USB_DEVICE/App/usbd_cdc_if.o
 .debug_macro   0x0000000000025062      0x42d ./USB_DEVICE/App/usbd_desc.o
 .debug_macro   0x000000000002548f       0x1c ./USB_DEVICE/App/usbd_desc.o
 .debug_macro   0x00000000000254ab      0x407 ./USB_DEVICE/Target/usbd_conf.o

.debug_line     0x0000000000000000    0x11a65
 .debug_line    0x0000000000000000      0xb92 ./Core/Src/main.o
 .debug_line    0x0000000000000b92      0x726 ./Core/Src/stm32f4xx_hal_msp.o
 .debug_line    0x00000000000012b8      0x7cc ./Core/Src/stm32f4xx_it.o
 .debug_line    0x0000000000001a84      0x75b ./Core/Src/system_stm32f4xx.o
 .debug_line    0x00000000000021df       0x88 ./Core/Startup/startup_stm32f429zitx.o
 .debug_line    0x0000000000002267      0x9f7 ./Drivers/STM32F4xx_HAL_Driver/Src/stm32f4xx_hal.o
 .debug_line    0x0000000000002c5e      0xc70 ./Drivers/STM32F4xx_HAL_Driver/Src/stm32f4xx_hal_cortex.o
 .debug_line    0x00000000000038ce      0xb5d ./Drivers/STM32F4xx_HAL_Driver/Src/stm32f4xx_hal_gpio.o
 .debug_line    0x000000000000442b     0x1464 ./Drivers/STM32F4xx_HAL_Driver/Src/stm32f4xx_hal_pcd.o
 .debug_line    0x000000000000588f      0x7a4 ./Drivers/STM32F4xx_HAL_Driver/Src/stm32f4xx_hal_pcd_ex.o
 .debug_line    0x0000000000006033      0xd3d ./Drivers/STM32F4xx_HAL_Driver/Src/stm32f4xx_hal_rcc.o
 .debug_line    0x0000000000006d70     0x2a66 ./Drivers/STM32F4xx_HAL_Driver/Src/stm32f4xx_hal_uart.o
 .debug_line    0x00000000000097d6     0x1a7e ./Drivers/STM32F4xx_HAL_Driver/Src/stm32f4xx_ll_usb.o
 .debug_line    0x000000000000b254      0xeee ./Middlewares/ST/STM32_USB_Device_Library/Class/CDC/Src/usbd_cdc.o
 .debug_line    0x000000000000c142      0xf68 ./Middlewares/ST/STM32_USB_Device_Library/Core/Src/usbd_core.o
 .debug_line    0x000000000000d0aa     0x1139 ./Middlewares/ST/STM32_USB_Device_Library/Core/Src/usbd_ctlreq.o
 .debug_line    0x000000000000e1e3      0xa80 ./Middlewares/ST/STM32_USB_Device_Library/Core/Src/usbd_ioreq.o
 .debug_line    0x000000000000ec63      0xa3c ./USB_DEVICE/App/usb_device.o
 .debug_line    0x000000000000f69f      0xa9f ./USB_DEVICE/App/usbd_cdc_if.o
 .debug_line    0x000000000001013e      0xb05 ./USB_DEVICE/App/usbd_desc.o
 .debug_line    0x0000000000010c43      0xe22 ./USB_DEVICE/Target/usbd_conf.o

.debug_str      0x0000000000000000    0xd5642
 .debug_str     0x0000000000000000    0xd200d ./Core/Src/main.o
                                      0xd234d (size before relaxing)
 .debug_str     0x00000000000d200d       0x66 ./Core/Src/stm32f4xx_hal_msp.o
                                      0xccebb (size before relaxing)
 .debug_str     0x00000000000d2073      0x471 ./Core/Src/stm32f4xx_it.o
                                      0xccd7b (size before relaxing)
 .debug_str     0x00000000000d24e4       0xdb ./Core/Src/system_stm32f4xx.o
                                      0xcca11 (size before relaxing)
 .debug_str     0x00000000000d25bf       0x36 ./Core/Startup/startup_stm32f429zitx.o
                                         0x72 (size before relaxing)
 .debug_str     0x00000000000d25f5      0x648 ./Drivers/STM32F4xx_HAL_Driver/Src/stm32f4xx_hal.o
                                      0xcd634 (size before relaxing)
 .debug_str     0x00000000000d2c3d      0x33a ./Drivers/STM32F4xx_HAL_Driver/Src/stm32f4xx_hal_cortex.o
                                      0xcd319 (size before relaxing)
 .debug_str     0x00000000000d2f77       0xe8 ./Drivers/STM32F4xx_HAL_Driver/Src/stm32f4xx_hal_gpio.o
                                      0xccb8c (size before relaxing)
 .debug_str     0x00000000000d305f      0x832 ./Drivers/STM32F4xx_HAL_Driver/Src/stm32f4xx_hal_pcd.o
                                      0xcd4c0 (size before relaxing)
 .debug_str     0x00000000000d3891      0x115 ./Drivers/STM32F4xx_HAL_Driver/Src/stm32f4xx_hal_pcd_ex.o
                                      0xccdaf (size before relaxing)
 .debug_str     0x00000000000d39a6      0x21f ./Drivers/STM32F4xx_HAL_Driver/Src/stm32f4xx_hal_rcc.o
                                      0xcce45 (size before relaxing)
 .debug_str     0x00000000000d3bc5      0x644 ./Drivers/STM32F4xx_HAL_Driver/Src/stm32f4xx_hal_uart.o
                                      0xcd3d1 (size before relaxing)
 .debug_str     0x00000000000d4209      0x444 ./Drivers/STM32F4xx_HAL_Driver/Src/stm32f4xx_ll_usb.o
                                      0xcd328 (size before relaxing)
 .debug_str     0x00000000000d464d      0x6e1 ./Middlewares/ST/STM32_USB_Device_Library/Class/CDC/Src/usbd_cdc.o
                                      0xd2073 (size before relaxing)
 .debug_str     0x00000000000d4d2e      0x35c ./Middlewares/ST/STM32_USB_Device_Library/Core/Src/usbd_core.o
                                      0xd19e9 (size before relaxing)
 .debug_str     0x00000000000d508a      0x139 ./Middlewares/ST/STM32_USB_Device_Library/Core/Src/usbd_ctlreq.o
                                      0xd1814 (size before relaxing)
 .debug_str     0x00000000000d51c3       0x51 ./Middlewares/ST/STM32_USB_Device_Library/Core/Src/usbd_ioreq.o
                                      0xd16e9 (size before relaxing)
 .debug_str     0x00000000000d5214       0xc6 ./USB_DEVICE/App/usb_device.o
                                      0xd1a9c (size before relaxing)
 .debug_str     0x00000000000d52da       0x8a ./USB_DEVICE/App/usbd_cdc_if.o
                                      0xd1adc (size before relaxing)
 .debug_str     0x00000000000d5364      0x26b ./USB_DEVICE/App/usbd_desc.o
                                      0xd15e6 (size before relaxing)
 .debug_str     0x00000000000d55cf       0x73 ./USB_DEVICE/Target/usbd_conf.o
                                      0xd2938 (size before relaxing)

.comment        0x0000000000000000       0x50
 .comment       0x0000000000000000       0x50 ./Core/Src/main.o
                                         0x51 (size before relaxing)
 .comment       0x0000000000000050       0x51 ./Core/Src/stm32f4xx_hal_msp.o
 .comment       0x0000000000000050       0x51 ./Core/Src/stm32f4xx_it.o
 .comment       0x0000000000000050       0x51 ./Core/Src/system_stm32f4xx.o
 .comment       0x0000000000000050       0x51 ./Drivers/STM32F4xx_HAL_Driver/Src/stm32f4xx_hal.o
 .comment       0x0000000000000050       0x51 ./Drivers/STM32F4xx_HAL_Driver/Src/stm32f4xx_hal_cortex.o
 .comment       0x0000000000000050       0x51 ./Drivers/STM32F4xx_HAL_Driver/Src/stm32f4xx_hal_gpio.o
 .comment       0x0000000000000050       0x51 ./Drivers/STM32F4xx_HAL_Driver/Src/stm32f4xx_hal_pcd.o
 .comment       0x0000000000000050       0x51 ./Drivers/STM32F4xx_HAL_Driver/Src/stm32f4xx_hal_pcd_ex.o
 .comment       0x0000000000000050       0x51 ./Drivers/STM32F4xx_HAL_Driver/Src/stm32f4xx_hal_rcc.o
 .comment       0x0000000000000050       0x51 ./Drivers/STM32F4xx_HAL_Driver/Src/stm32f4xx_hal_uart.o
 .comment       0x0000000000000050       0x51 ./Drivers/STM32F4xx_HAL_Driver/Src/stm32f4xx_ll_usb.o
 .comment       0x0000000000000050       0x51 ./Middlewares/ST/STM32_USB_Device_Library/Class/CDC/Src/usbd_cdc.o
 .comment       0x0000000000000050       0x51 ./Middlewares/ST/STM32_USB_Device_Library/Core/Src/usbd_core.o
 .comment       0x0000000000000050       0x51 ./Middlewares/ST/STM32_USB_Device_Library/Core/Src/usbd_ctlreq.o
 .comment       0x0000000000000050       0x51 ./Middlewares/ST/STM32_USB_Device_Library/Core/Src/usbd_ioreq.o
 .comment       0x0000000000000050       0x51 ./USB_DEVICE/App/usb_device.o
 .comment       0x0000000000000050       0x51 ./USB_DEVICE/App/usbd_cdc_if.o
 .comment       0x0000000000000050       0x51 ./USB_DEVICE/App/usbd_desc.o
 .comment       0x0000000000000050       0x51 ./USB_DEVICE/Target/usbd_conf.o

.debug_frame    0x0000000000000000     0x3670
 .debug_frame   0x0000000000000000       0xcc ./Core/Src/main.o
 .debug_frame   0x00000000000000cc       0x80 ./Core/Src/stm32f4xx_hal_msp.o
 .debug_frame   0x000000000000014c      0x13c ./Core/Src/stm32f4xx_it.o
 .debug_frame   0x0000000000000288       0x58 ./Core/Src/system_stm32f4xx.o
 .debug_frame   0x00000000000002e0      0x3b4 ./Drivers/STM32F4xx_HAL_Driver/Src/stm32f4xx_hal.o
 .debug_frame   0x0000000000000694      0x498 ./Drivers/STM32F4xx_HAL_Driver/Src/stm32f4xx_hal_cortex.o
 .debug_frame   0x0000000000000b2c      0x14c ./Drivers/STM32F4xx_HAL_Driver/Src/stm32f4xx_hal_gpio.o
 .debug_frame   0x0000000000000c78      0x5bc ./Drivers/STM32F4xx_HAL_Driver/Src/stm32f4xx_hal_pcd.o
 .debug_frame   0x0000000000001234       0xb0 ./Drivers/STM32F4xx_HAL_Driver/Src/stm32f4xx_hal_pcd_ex.o
 .debug_frame   0x00000000000012e4      0x1f4 ./Drivers/STM32F4xx_HAL_Driver/Src/stm32f4xx_hal_rcc.o
 .debug_frame   0x00000000000014d8      0x92c ./Drivers/STM32F4xx_HAL_Driver/Src/stm32f4xx_hal_uart.o
 .debug_frame   0x0000000000001e04      0x7c0 ./Drivers/STM32F4xx_HAL_Driver/Src/stm32f4xx_ll_usb.o
 .debug_frame   0x00000000000025c4      0x23c ./Middlewares/ST/STM32_USB_Device_Library/Class/CDC/Src/usbd_cdc.o
 .debug_frame   0x0000000000002800      0x390 ./Middlewares/ST/STM32_USB_Device_Library/Core/Src/usbd_core.o
 .debug_frame   0x0000000000002b90      0x23c ./Middlewares/ST/STM32_USB_Device_Library/Core/Src/usbd_ctlreq.o
 .debug_frame   0x0000000000002dcc      0x10c ./Middlewares/ST/STM32_USB_Device_Library/Core/Src/usbd_ioreq.o
 .debug_frame   0x0000000000002ed8       0x2c ./USB_DEVICE/App/usb_device.o
 .debug_frame   0x0000000000002f04       0xe4 ./USB_DEVICE/App/usbd_cdc_if.o
 .debug_frame   0x0000000000002fe8      0x160 ./USB_DEVICE/App/usbd_desc.o
 .debug_frame   0x0000000000003148      0x47c ./USB_DEVICE/Target/usbd_conf.o
 .debug_frame   0x00000000000035c4       0x2c c:/st/stm32cubeide_1.12.1/stm32cubeide/plugins/com.st.stm32cube.ide.mcu.externaltools.gnu-tools-for-stm32.10.3-2021.10.win32_1.0.200.202301161003/tools/bin/../lib/gcc/arm-none-eabi/10.3.1/../../../../arm-none-eabi/lib/thumb/v7e-m+fp/hard\libc_nano.a(lib_a-init.o)
 .debug_frame   0x00000000000035f0       0x20 c:/st/stm32cubeide_1.12.1/stm32cubeide/plugins/com.st.stm32cube.ide.mcu.externaltools.gnu-tools-for-stm32.10.3-2021.10.win32_1.0.200.202301161003/tools/bin/../lib/gcc/arm-none-eabi/10.3.1/../../../../arm-none-eabi/lib/thumb/v7e-m+fp/hard\libc_nano.a(lib_a-memset.o)
 .debug_frame   0x0000000000003610       0x2c c:/st/stm32cubeide_1.12.1/stm32cubeide/plugins/com.st.stm32cube.ide.mcu.externaltools.gnu-tools-for-stm32.10.3-2021.10.win32_1.0.200.202301161003/tools/bin/../lib/gcc/arm-none-eabi/10.3.1/thumb/v7e-m+fp/hard\libgcc.a(_aeabi_uldivmod.o)
 .debug_frame   0x000000000000363c       0x34 c:/st/stm32cubeide_1.12.1/stm32cubeide/plugins/com.st.stm32cube.ide.mcu.externaltools.gnu-tools-for-stm32.10.3-2021.10.win32_1.0.200.202301161003/tools/bin/../lib/gcc/arm-none-eabi/10.3.1/thumb/v7e-m+fp/hard\libgcc.a(_udivmoddi4.o)